<html>
<body>
<pre>
<h1>µVision Build Log</h1>
<h2>Tool Versions:</h2>
IDE-Version: ¦ÌVision V5.38.0.0
Copyright (C) 2022 ARM Ltd and ARM Germany GmbH. All rights reserved.
License Information: ring Administrator, fore, LIC=QF82M-XNCM7-FWK2N-YJTW0-ITF5A-GV3D1
 
Tool Versions:
Toolchain:       MDK-ARM Plus  Version: 5.38.0.0
Toolchain Path:  G:\Keil_v5\ARM\ARMCLANG\Bin
C Compiler:      ArmClang.exe V6.19
Assembler:       Armasm.exe V6.19
Linker/Locator:  ArmLink.exe V6.19
Library Manager: ArmAr.exe V6.19
Hex Converter:   FromElf.exe V6.19
CPU DLL:         SARMCM3.DLL V5.38.0.0
Dialog DLL:      DCM.DLL V1.17.5.0
Target DLL:      CMSIS_AGDI.dll V1.33.15.0
Dialog DLL:      TCM.DLL V1.56.4.0
 
<h2>Project:</h2>
E:\project\mine\Balanced-Car\keil_code\template.uvprojx
Project File Date:  07/11/2023

<h2>Output:</h2>
*** Using Compiler 'V6.19', folder: 'G:\Keil_v5\ARM\ARMCLANG\Bin'
Build target 'Target 1'
*** Scatter Error: no default 'Read/Write' range selected
assembling startup_stm32f10x_md.s...
compiling stm32f10x_cec.c...
compiling stm32f10x_bkp.c...
compiling stm32f10x_crc.c...
compiling system_stm32f10x.c...
compiling misc.c...
compiling stm32f10x_adc.c...
compiling stm32f10x_can.c...
compiling stm32f10x_dbgmcu.c...
compiling stm32f10x_dac.c...
compiling stm32f10x_exti.c...
compiling stm32f10x_dma.c...
compiling stm32f10x_fsmc.c...
compiling stm32f10x_gpio.c...
compiling stm32f10x_i2c.c...
compiling stm32f10x_pwr.c...
compiling stm32f10x_iwdg.c...
compiling stm32f10x_flash.c...
compiling stm32f10x_rtc.c...
compiling stm32f10x_rcc.c...
compiling stm32f10x_sdio.c...
compiling stm32f10x_spi.c...
compiling system.c...
compiling stm32f10x_wwdg.c...
compiling Systick.c...
compiling stm32f10x_usart.c...
compiling Timer.c...
compiling stm32f10x_tim.c...
compiling Tim_IC.c...
compiling AD.c...
compiling usart.c...
compiling DA.c...
compiling led.c...
compiling Motor.c...
compiling OLED.c...
compiling Beep.c...
compiling hsr04.c...
compiling DHT11.c...
compiling PID.c...
compiling Kalman_Filter.c...
compiling mpu6050.c...
compiling hwyk.c...
compiling mpuiic.c...
compiling main.c...
compiling stm32f10x_it.c...
compiling inv_mpu_dmp_motion_driver.c...
compiling inv_mpu.c...
linking...
Program Size: Code=32870 RO-data=5362 RW-data=152 ZI-data=2048  
FromELF: creating hex file...
".\Objects\template.axf" - 0 Error(s), 0 Warning(s).

<h2>Software Packages used:</h2>

Package Vendor: GigaDevice
                https://gd32mcu.com/data/documents/pack/GigaDevice.GD32F10x_DFP.2.0.3.pack
                GigaDevice.GD32F10x_DFP.2.0.3
                GigaDevice GD32F10x Series Device Support and Examples

<h2>Collection of Component include folders:</h2>
  G:/Keil_v5/ARM/PACK/GigaDevice/GD32F10x_DFP/2.0.3/Device/Include

<h2>Collection of Component Files used:</h2>
Build Time Elapsed:  00:00:06
</pre>
</body>
</html>
