Component: Arm Compiler for Embedded 6.19 Tool: armlink [5e73cb00]

==============================================================================

Section Cross References

    startup_stm32f10x_md.o(STACK) refers (Special) to heapauxi.o(.text) for __use_two_region_memory
    startup_stm32f10x_md.o(HEAP) refers (Special) to heapauxi.o(.text) for __use_two_region_memory
    startup_stm32f10x_md.o(RESET) refers (Special) to heapauxi.o(.text) for __use_two_region_memory
    startup_stm32f10x_md.o(RESET) refers to startup_stm32f10x_md.o(STACK) for __initial_sp
    startup_stm32f10x_md.o(RESET) refers to startup_stm32f10x_md.o(.text) for Reset_Handler
    startup_stm32f10x_md.o(RESET) refers to stm32f10x_it.o(.text.NMI_Handler) for NMI_Handler
    startup_stm32f10x_md.o(RESET) refers to stm32f10x_it.o(.text.HardFault_Handler) for HardFault_Handler
    startup_stm32f10x_md.o(RESET) refers to stm32f10x_it.o(.text.MemManage_Handler) for MemManage_Handler
    startup_stm32f10x_md.o(RESET) refers to stm32f10x_it.o(.text.BusFault_Handler) for BusFault_Handler
    startup_stm32f10x_md.o(RESET) refers to stm32f10x_it.o(.text.UsageFault_Handler) for UsageFault_Handler
    startup_stm32f10x_md.o(RESET) refers to stm32f10x_it.o(.text.SVC_Handler) for SVC_Handler
    startup_stm32f10x_md.o(RESET) refers to stm32f10x_it.o(.text.DebugMon_Handler) for DebugMon_Handler
    startup_stm32f10x_md.o(RESET) refers to stm32f10x_it.o(.text.PendSV_Handler) for PendSV_Handler
    startup_stm32f10x_md.o(RESET) refers to stm32f10x_it.o(.text.SysTick_Handler) for SysTick_Handler
    startup_stm32f10x_md.o(RESET) refers to motor.o(.text.TIM2_IRQHandler) for TIM2_IRQHandler
    startup_stm32f10x_md.o(RESET) refers to timer.o(.text.TIM3_IRQHandler) for TIM3_IRQHandler
    startup_stm32f10x_md.o(RESET) refers to tim_ic.o(.text.TIM4_IRQHandler) for TIM4_IRQHandler
    startup_stm32f10x_md.o(RESET) refers to usart.o(.text.USART1_IRQHandler) for USART1_IRQHandler
    startup_stm32f10x_md.o(RESET) refers to hwyk.o(.text.EXTI15_10_IRQHandler) for EXTI15_10_IRQHandler
    startup_stm32f10x_md.o(.text) refers (Special) to heapauxi.o(.text) for __use_two_region_memory
    startup_stm32f10x_md.o(.text) refers to system_stm32f10x.o(.text.SystemInit) for SystemInit
    startup_stm32f10x_md.o(.text) refers to __main.o(!!!main) for __main
    startup_stm32f10x_md.o(.text) refers to startup_stm32f10x_md.o(HEAP) for Heap_Mem
    startup_stm32f10x_md.o(.text) refers to startup_stm32f10x_md.o(STACK) for Stack_Mem
    system_stm32f10x.o(.ARM.exidx.text.SystemInit) refers to system_stm32f10x.o(.text.SystemInit) for [Anonymous Symbol]
    system_stm32f10x.o(.text.SystemCoreClockUpdate) refers to system_stm32f10x.o(.data.SystemCoreClock) for SystemCoreClock
    system_stm32f10x.o(.text.SystemCoreClockUpdate) refers to system_stm32f10x.o(.rodata.AHBPrescTable) for AHBPrescTable
    system_stm32f10x.o(.ARM.exidx.text.SystemCoreClockUpdate) refers to system_stm32f10x.o(.text.SystemCoreClockUpdate) for [Anonymous Symbol]
    misc.o(.ARM.exidx.text.NVIC_PriorityGroupConfig) refers to misc.o(.text.NVIC_PriorityGroupConfig) for [Anonymous Symbol]
    misc.o(.ARM.exidx.text.NVIC_Init) refers to misc.o(.text.NVIC_Init) for [Anonymous Symbol]
    misc.o(.ARM.exidx.text.NVIC_SetVectorTable) refers to misc.o(.text.NVIC_SetVectorTable) for [Anonymous Symbol]
    misc.o(.ARM.exidx.text.NVIC_SystemLPConfig) refers to misc.o(.text.NVIC_SystemLPConfig) for [Anonymous Symbol]
    misc.o(.ARM.exidx.text.SysTick_CLKSourceConfig) refers to misc.o(.text.SysTick_CLKSourceConfig) for [Anonymous Symbol]
    stm32f10x_adc.o(.text.ADC_DeInit) refers to stm32f10x_rcc.o(.text.RCC_APB2PeriphResetCmd) for RCC_APB2PeriphResetCmd
    stm32f10x_adc.o(.ARM.exidx.text.ADC_DeInit) refers to stm32f10x_adc.o(.text.ADC_DeInit) for [Anonymous Symbol]
    stm32f10x_adc.o(.ARM.exidx.text.ADC_Init) refers to stm32f10x_adc.o(.text.ADC_Init) for [Anonymous Symbol]
    stm32f10x_adc.o(.ARM.exidx.text.ADC_StructInit) refers to stm32f10x_adc.o(.text.ADC_StructInit) for [Anonymous Symbol]
    stm32f10x_adc.o(.ARM.exidx.text.ADC_Cmd) refers to stm32f10x_adc.o(.text.ADC_Cmd) for [Anonymous Symbol]
    stm32f10x_adc.o(.ARM.exidx.text.ADC_DMACmd) refers to stm32f10x_adc.o(.text.ADC_DMACmd) for [Anonymous Symbol]
    stm32f10x_adc.o(.ARM.exidx.text.ADC_ITConfig) refers to stm32f10x_adc.o(.text.ADC_ITConfig) for [Anonymous Symbol]
    stm32f10x_adc.o(.ARM.exidx.text.ADC_ResetCalibration) refers to stm32f10x_adc.o(.text.ADC_ResetCalibration) for [Anonymous Symbol]
    stm32f10x_adc.o(.ARM.exidx.text.ADC_GetResetCalibrationStatus) refers to stm32f10x_adc.o(.text.ADC_GetResetCalibrationStatus) for [Anonymous Symbol]
    stm32f10x_adc.o(.ARM.exidx.text.ADC_StartCalibration) refers to stm32f10x_adc.o(.text.ADC_StartCalibration) for [Anonymous Symbol]
    stm32f10x_adc.o(.ARM.exidx.text.ADC_GetCalibrationStatus) refers to stm32f10x_adc.o(.text.ADC_GetCalibrationStatus) for [Anonymous Symbol]
[...]
    EXTI9_5_IRQHandler                       0x080001c3   Thumb Code     0  startup_stm32f10x_md.o(.text)
    FLASH_IRQHandler                         0x080001c3   Thumb Code     0  startup_stm32f10x_md.o(.text)
    I2C1_ER_IRQHandler                       0x080001c3   Thumb Code     0  startup_stm32f10x_md.o(.text)
    I2C1_EV_IRQHandler                       0x080001c3   Thumb Code     0  startup_stm32f10x_md.o(.text)
    I2C2_ER_IRQHandler                       0x080001c3   Thumb Code     0  startup_stm32f10x_md.o(.text)
    I2C2_EV_IRQHandler                       0x080001c3   Thumb Code     0  startup_stm32f10x_md.o(.text)
    PVD_IRQHandler                           0x080001c3   Thumb Code     0  startup_stm32f10x_md.o(.text)
    RCC_IRQHandler                           0x080001c3   Thumb Code     0  startup_stm32f10x_md.o(.text)
    RTCAlarm_IRQHandler                      0x080001c3   Thumb Code     0  startup_stm32f10x_md.o(.text)
    RTC_IRQHandler                           0x080001c3   Thumb Code     0  startup_stm32f10x_md.o(.text)
    SPI1_IRQHandler                          0x080001c3   Thumb Code     0  startup_stm32f10x_md.o(.text)
    SPI2_IRQHandler                          0x080001c3   Thumb Code     0  startup_stm32f10x_md.o(.text)
    TAMPER_IRQHandler                        0x080001c3   Thumb Code     0  startup_stm32f10x_md.o(.text)
    TIM1_BRK_IRQHandler                      0x080001c3   Thumb Code     0  startup_stm32f10x_md.o(.text)
    TIM1_CC_IRQHandler                       0x080001c3   Thumb Code     0  startup_stm32f10x_md.o(.text)
    TIM1_TRG_COM_IRQHandler                  0x080001c3   Thumb Code     0  startup_stm32f10x_md.o(.text)
    TIM1_UP_IRQHandler                       0x080001c3   Thumb Code     0  startup_stm32f10x_md.o(.text)
    USART2_IRQHandler                        0x080001c3   Thumb Code     0  startup_stm32f10x_md.o(.text)
    USART3_IRQHandler                        0x080001c3   Thumb Code     0  startup_stm32f10x_md.o(.text)
    USBWakeUp_IRQHandler                     0x080001c3   Thumb Code     0  startup_stm32f10x_md.o(.text)
    USB_HP_CAN1_TX_IRQHandler                0x080001c3   Thumb Code     0  startup_stm32f10x_md.o(.text)
    USB_LP_CAN1_RX0_IRQHandler               0x080001c3   Thumb Code     0  startup_stm32f10x_md.o(.text)
    WWDG_IRQHandler                          0x080001c3   Thumb Code     0  startup_stm32f10x_md.o(.text)
    __user_initial_stackheap                 0x080001c5   Thumb Code     0  startup_stm32f10x_md.o(.text)
    __aeabi_ldivmod                          0x080001e9   Thumb Code     0  llsdiv.o(.text)
    _ll_sdiv                                 0x080001e9   Thumb Code   116  llsdiv.o(.text)
    __2printf                                0x0800025d   Thumb Code    20  noretval__2printf.o(.text)
    _printf_pre_padding                      0x08000275   Thumb Code    44  _printf_pad.o(.text)
    _printf_post_padding                     0x080002a1   Thumb Code    34  _printf_pad.o(.text)
    _printf_int_dec                          0x080002c5   Thumb Code   104  _printf_dec.o(.text)
    _printf_int_hex                          0x0800033d   Thumb Code    84  _printf_hex_int.o(.text)
    _printf_longlong_hex                     0x0800033d   Thumb Code     0  _printf_hex_int.o(.text)
    __printf                                 0x08000395   Thumb Code   308  __printf_flags_wp.o(.text)
    puts                                     0x080004cd   Thumb Code    40  puts.o(.text)
    memcmp                                   0x080004f9   Thumb Code    88  memcmp.o(.text)
    __aeabi_memclr4                          0x08000551   Thumb Code     0  rt_memclr_w.o(.text)
    __aeabi_memclr8                          0x08000551   Thumb Code     0  rt_memclr_w.o(.text)
    __rt_memclr_w                            0x08000551   Thumb Code     0  rt_memclr_w.o(.text)
    _memset_w                                0x08000555   Thumb Code    74  rt_memclr_w.o(.text)
    __use_two_region_memory                  0x0800059f   Thumb Code     2  heapauxi.o(.text)
    __rt_heap_escrow                         0x080005a1   Thumb Code     2  heapauxi.o(.text)
    __rt_heap_expand                         0x080005a3   Thumb Code     2  heapauxi.o(.text)
    __aeabi_uldivmod                         0x080005a5   Thumb Code     0  lludivv7m.o(.text)
    _ll_udiv                                 0x080005a5   Thumb Code   240  lludivv7m.o(.text)
    __read_errno                             0x08000695   Thumb Code    10  _rserrno.o(.text)
    __set_errno                              0x0800069f   Thumb Code    12  _rserrno.o(.text)
    _printf_int_common                       0x080006ab   Thumb Code   178  _printf_intcommon.o(.text)
    _printf_char_file                        0x0800075d   Thumb Code    32  _printf_char_file.o(.text)
    __aeabi_errno_addr                       0x08000781   Thumb Code     8  rt_errno_addr_intlibspace.o(.text)
    __errno$intlibspace                      0x08000781   Thumb Code     0  rt_errno_addr_intlibspace.o(.text)
    __rt_errno_addr$intlibspace              0x08000781   Thumb Code     0  rt_errno_addr_intlibspace.o(.text)
    _printf_char_common                      0x08000793   Thumb Code    32  _printf_char_common.o(.text)
    ferror                                   0x080007b9   Thumb Code     8  ferror.o(.text)
    _initio                                  0x080007c1   Thumb Code   210  initio.o(.text)
    _terminateio                             0x08000893   Thumb Code    56  initio.o(.text)
    __user_libspace                          0x080008f9   Thumb Code     8  libspace.o(.text)
    __user_perproc_libspace                  0x080008f9   Thumb Code     0  libspace.o(.text)
    __user_perthread_libspace                0x080008f9   Thumb Code     0  libspace.o(.text)
    __user_setup_stackheap                   0x08000901   Thumb Code    74  sys_stackheap_outer.o(.text)
    free                                     0x0800094b   Thumb Code    78  h1_free.o(.text)
    setvbuf                                  0x08000999   Thumb Code    70  setvbuf.o(.text)
    freopen                                  0x080009e1   Thumb Code   160  fopen.o(.text)
    fopen                                    0x08000a81   Thumb Code    74  fopen.o(.text)
    _fclose_internal                         0x08000ad1   Thumb Code    76  fclose.o(.text)
    fclose                                   0x08000ad1   Thumb Code     0  fclose.o(.text)
    exit                                     0x08000b1d   Thumb Code    18  exit.o(.text)
    __rt_SIGRTRED                            0x08000b2f   Thumb Code    14  defsig_rtred_outer.o(.text)
    _sys_open                                0x08000b3d   Thumb Code    20  sys_io.o(.text)
    _sys_close                               0x08000b51   Thumb Code    12  sys_io.o(.text)
    _sys_write                               0x08000b5d   Thumb Code    16  sys_io.o(.text)
    _sys_read                                0x08000b6d   Thumb Code    14  sys_io.o(.text)
    _sys_istty                               0x08000b7b   Thumb Code    12  sys_io.o(.text)
    _sys_seek                                0x08000b87   Thumb Code    14  sys_io.o(.text)
    _sys_ensure                              0x08000b95   Thumb Code     2  sys_io.o(.text)
    _sys_flen                                0x08000b97   Thumb Code    12  sys_io.o(.text)
    __rt_heap_descriptor                     0x08000ba5   Thumb Code     8  rt_heap_descriptor_intlibspace.o(.text)
    __use_no_heap                            0x08000bad   Thumb Code     2  hguard.o(.text)
    __heap$guard                             0x08000baf   Thumb Code     2  hguard.o(.text)
    _terminate_user_alloc                    0x08000bb1   Thumb Code     2  init_alloc.o(.text)
    _init_user_alloc                         0x08000bb3   Thumb Code     2  init_alloc.o(.text)
    __Heap_Full                              0x08000bb5   Thumb Code    34  init_alloc.o(.text)
    __Heap_Broken                            0x08000bd7   Thumb Code     6  init_alloc.o(.text)
    _init_alloc                              0x08000bdd   Thumb Code    94  init_alloc.o(.text)
    malloc                                   0x08000c3b   Thumb Code    94  h1_alloc.o(.text)
    _fseek                                   0x08000c99   Thumb Code   242  fseek.o(.text)
    fseek                                    0x08000c99   Thumb Code     0  fseek.o(.text)
    _seterr                                  0x08000d91   Thumb Code    20  stdio.o(.text)
    _writebuf                                0x08000da5   Thumb Code   108  stdio.o(.text)
    _fflush                                  0x08000e11   Thumb Code    70  stdio.o(.text)
    _deferredlazyseek                        0x08000e57   Thumb Code    60  stdio.o(.text)
    __sig_exit                               0x08000e99   Thumb Code    10  defsig_exit.o(.text)
    __rt_SIGRTRED_inner                      0x08000ea5   Thumb Code    14  defsig_rtred_inner.o(.text)
    _sys_exit                                0x08000ed9   Thumb Code     8  sys_exit.o(.text)
    __I$use$semihosting                      0x08000ee5   Thumb Code     0  use_no_semi.o(.text)
    __use_no_semihosting_swi                 0x08000ee5   Thumb Code     2  use_no_semi.o(.text)
    __Heap_Initialize                        0x08000ee7   Thumb Code    10  h1_init.o(.text)
    __semihosting_library_function           0x08000ee7   Thumb Code     0  indicate_semi.o(.text)
    _maybe_terminate_alloc                   0x08000ee7   Thumb Code     0  maybetermalloc1.o(.text)
    __Heap_DescSize                          0x08000ef1   Thumb Code     4  h1_init.o(.text)
    __Heap_ProvideMemory                     0x08000ef5   Thumb Code    52  h1_extend.o(.text)
    _ftell_internal                          0x08000f29   Thumb Code    66  ftell.o(.text)
    ftell                                    0x08000f29   Thumb Code     0  ftell.o(.text)
    __default_signal_display                 0x08000f6b   Thumb Code    50  defsig_general.o(.text)
    __rt_SIGRTMEM                            0x08000f9d   Thumb Code    14  defsig_rtmem_outer.o(.text)
    strlen                                   0x08000fab   Thumb Code    62  strlen.o(.text)
    _ttywrch                                 0x08000fe9   Thumb Code    14  sys_wrch.o(.text)
    __rt_SIGRTMEM_inner                      0x08000ff9   Thumb Code    22  defsig_rtmem_inner.o(.text)
    ALL_Init                                 0x08001049   Thumb Code    78  main.o(.text.ALL_Init)
    Balance_Control                          0x08001099   Thumb Code   252  pid.o(.text.Balance_Control)
    BusFault_Handler                         0x08001195   Thumb Code     2  stm32f10x_it.o(.text.BusFault_Handler)
    DebugMon_Handler                         0x08001199   Thumb Code     2  stm32f10x_it.o(.text.DebugMon_Handler)
    EXTI15_10_IRQHandler                     0x0800119d   Thumb Code  3112  hwyk.o(.text.EXTI15_10_IRQHandler)
    EXTI_ClearITPendingBit                   0x08001dc5   Thumb Code    12  stm32f10x_exti.o(.text.EXTI_ClearITPendingBit)
    EXTI_GetITStatus                         0x08001dd1   Thumb Code    30  stm32f10x_exti.o(.text.EXTI_GetITStatus)
    EXTI_Init                                0x08001df1   Thumb Code   104  stm32f10x_exti.o(.text.EXTI_Init)
    Encoder1_Get                             0x08001e59   Thumb Code    36  motor.o(.text.Encoder1_Get)
    Encoder2_Get                             0x08001e7d   Thumb Code    36  motor.o(.text.Encoder2_Get)
    Encoder_Init                             0x08001ea1   Thumb Code   266  motor.o(.text.Encoder_Init)
    GET_GPIO_RCC                             0x08001fad   Thumb Code    28  system.o(.text.GET_GPIO_RCC)
    GPIO_EXTILineConfig                      0x08001fdd   Thumb Code    46  stm32f10x_gpio.o(.text.GPIO_EXTILineConfig)
    GPIO_Init                                0x0800200d   Thumb Code   192  stm32f10x_gpio.o(.text.GPIO_Init)
    GPIO_PinRemapConfig                      0x080020cd   Thumb Code   122  stm32f10x_gpio.o(.text.GPIO_PinRemapConfig)
    GPIO_SetBits                             0x08002149   Thumb Code     4  stm32f10x_gpio.o(.text.GPIO_SetBits)
    GPIO_WriteBit                            0x0800214d   Thumb Code    12  stm32f10x_gpio.o(.text.GPIO_WriteBit)
    GUA_Infrared_Receiver_Init               0x08002159   Thumb Code   136  hwyk.o(.text.GUA_Infrared_Receiver_Init)
    HSR04_Init                               0x080021e1   Thumb Code   148  hsr04.o(.text.HSR04_Init)
    HSR04_Trig_Open                          0x08002275   Thumb Code    26  hsr04.o(.text.HSR04_Trig_Open)
    HardFault_Handler                        0x08002291   Thumb Code     2  stm32f10x_it.o(.text.HardFault_Handler)
    LED_Init                                 0x08002295   Thumb Code   384  led.o(.text.LED_Init)
    MPU_Get_Accelerometer                    0x08002415   Thumb Code    64  mpu6050.o(.text.MPU_Get_Accelerometer)
    MPU_Get_Gyroscope                        0x08002455   Thumb Code    64  mpu6050.o(.text.MPU_Get_Gyroscope)
    MPU_IIC_Init                             0x08002495   Thumb Code    96  mpuiic.o(.text.MPU_IIC_Init)
    MPU_IIC_Read_Byte                        0x080024f5   Thumb Code   156  mpuiic.o(.text.MPU_IIC_Read_Byte)
    MPU_IIC_Send_Byte                        0x08002591   Thumb Code    90  mpuiic.o(.text.MPU_IIC_Send_Byte)
    MPU_IIC_Start                            0x080025ed   Thumb Code    60  mpuiic.o(.text.MPU_IIC_Start)
    MPU_IIC_Stop                             0x08002629   Thumb Code    62  mpuiic.o(.text.MPU_IIC_Stop)
    MPU_IIC_Wait_Ack                         0x08002669   Thumb Code   124  mpuiic.o(.text.MPU_IIC_Wait_Ack)
    MPU_Read_Len                             0x080026e5   Thumb Code    98  mpu6050.o(.text.MPU_Read_Len)
    MPU_Write_Len                            0x08002749   Thumb Code    88  mpu6050.o(.text.MPU_Write_Len)
    MemManage_Handler                        0x080027a1   Thumb Code     2  stm32f10x_it.o(.text.MemManage_Handler)
    Motor_Init                               0x080027a5   Thumb Code   270  motor.o(.text.Motor_Init)
    Motor_SetSpeed1                          0x080028b5   Thumb Code    42  motor.o(.text.Motor_SetSpeed1)
    Motor_SetSpeed2                          0x080028e1   Thumb Code    42  motor.o(.text.Motor_SetSpeed2)
    NMI_Handler                              0x0800290d   Thumb Code     2  stm32f10x_it.o(.text.NMI_Handler)
    NVIC_Init                                0x08002911   Thumb Code    94  misc.o(.text.NVIC_Init)
    NVIC_PriorityGroupConfig                 0x08002971   Thumb Code    20  misc.o(.text.NVIC_PriorityGroupConfig)
    OLED_Init                                0x08002985   Thumb Code   288  oled.o(.text.OLED_Init)
    OLED_ShowChar                            0x08002aa5   Thumb Code   142  oled.o(.text.OLED_ShowChar)
    OLED_ShowNum                             0x08002b35   Thumb Code   116  oled.o(.text.OLED_ShowNum)
    OLED_ShowSignedNum                       0x08002ba9   Thumb Code   136  oled.o(.text.OLED_ShowSignedNum)
    OLED_ShowString                          0x08002c31   Thumb Code    42  oled.o(.text.OLED_ShowString)
    OLED_WriteCommand                        0x08002c5d   Thumb Code   326  oled.o(.text.OLED_WriteCommand)
    OLED_WriteData                           0x08002da5   Thumb Code   334  oled.o(.text.OLED_WriteData)
    PID_parameter_config                     0x08002ef5   Thumb Code   240  pid.o(.text.PID_parameter_config)
    PendSV_Handler                           0x08002fe5   Thumb Code     2  stm32f10x_it.o(.text.PendSV_Handler)
    RCC_APB1PeriphClockCmd                   0x08002fe9   Thumb Code    24  stm32f10x_rcc.o(.text.RCC_APB1PeriphClockCmd)
    RCC_APB2PeriphClockCmd                   0x08003001   Thumb Code    24  stm32f10x_rcc.o(.text.RCC_APB2PeriphClockCmd)
    RCC_GetClocksFreq                        0x08003019   Thumb Code   160  stm32f10x_rcc.o(.text.RCC_GetClocksFreq)
    SVC_Handler                              0x080030b9   Thumb Code     2  stm32f10x_it.o(.text.SVC_Handler)
    SysTick_CLKSourceConfig                  0x080030bd   Thumb Code    24  misc.o(.text.SysTick_CLKSourceConfig)
    SysTick_Handler                          0x080030d5   Thumb Code     2  stm32f10x_it.o(.text.SysTick_Handler)
    SystemInit                               0x080030d9   Thumb Code   276  system_stm32f10x.o(.text.SystemInit)
    Systick_Init                             0x080031ed   Thumb Code    26  systick.o(.text.Systick_Init)
    TIM2_IRQHandler                          0x08003209   Thumb Code    38  motor.o(.text.TIM2_IRQHandler)
    TIM3_IRQHandler                          0x08003231   Thumb Code    36  timer.o(.text.TIM3_IRQHandler)
    TIM4_IRQHandler                          0x08003255   Thumb Code   228  tim_ic.o(.text.TIM4_IRQHandler)
    TIM_ClearFlag                            0x0800333d   Thumb Code     6  stm32f10x_tim.o(.text.TIM_ClearFlag)
    TIM_ClearITPendingBit                    0x08003345   Thumb Code     6  stm32f10x_tim.o(.text.TIM_ClearITPendingBit)
    TIM_Cmd                                  0x0800334d   Thumb Code    18  stm32f10x_tim.o(.text.TIM_Cmd)
    TIM_EncoderInterfaceConfig               0x08003361   Thumb Code    48  stm32f10x_tim.o(.text.TIM_EncoderInterfaceConfig)
    TIM_GetCapture1                          0x08003391   Thumb Code     4  stm32f10x_tim.o(.text.TIM_GetCapture1)
    TIM_GetCounter                           0x08003395   Thumb Code     4  stm32f10x_tim.o(.text.TIM_GetCounter)
    TIM_GetFlagStatus                        0x08003399   Thumb Code    10  stm32f10x_tim.o(.text.TIM_GetFlagStatus)
    TIM_GetITStatus                          0x080033a5   Thumb Code    24  stm32f10x_tim.o(.text.TIM_GetITStatus)
    TIM_ICInit                               0x080033bd   Thumb Code   672  stm32f10x_tim.o(.text.TIM_ICInit)
    TIM_ICStructInit                         0x0800365d   Thumb Code    12  stm32f10x_tim.o(.text.TIM_ICStructInit)
    TIM_ITConfig                             0x08003669   Thumb Code    16  stm32f10x_tim.o(.text.TIM_ITConfig)
    TIM_InternalClockConfig                  0x08003679   Thumb Code    10  stm32f10x_tim.o(.text.TIM_InternalClockConfig)
    TIM_OC1Init                              0x08003685   Thumb Code   112  stm32f10x_tim.o(.text.TIM_OC1Init)
    TIM_OC1PolarityConfig                    0x080036f5   Thumb Code    12  stm32f10x_tim.o(.text.TIM_OC1PolarityConfig)
    TIM_OC2Init                              0x08003701   Thumb Code   116  stm32f10x_tim.o(.text.TIM_OC2Init)
    TIM_OCStructInit                         0x08003775   Thumb Code    12  stm32f10x_tim.o(.text.TIM_OCStructInit)
    TIM_SetCompare1                          0x08003781   Thumb Code     4  stm32f10x_tim.o(.text.TIM_SetCompare1)
    TIM_SetCompare2                          0x08003785   Thumb Code     4  stm32f10x_tim.o(.text.TIM_SetCompare2)
    TIM_SetCounter                           0x08003789   Thumb Code     4  stm32f10x_tim.o(.text.TIM_SetCounter)
    TIM_TimeBaseInit                         0x0800378d   Thumb Code   170  stm32f10x_tim.o(.text.TIM_TimeBaseInit)
    USART1_IRQHandler                        0x08003839   Thumb Code    44  usart.o(.text.USART1_IRQHandler)
    USART1_Init                              0x08003865   Thumb Code   170  usart.o(.text.USART1_Init)
    USART_ClearFlag                          0x08003911   Thumb Code     6  stm32f10x_usart.o(.text.USART_ClearFlag)
    USART_Cmd                                0x08003919   Thumb Code    20  stm32f10x_usart.o(.text.USART_Cmd)
    USART_GetFlagStatus                      0x0800392d   Thumb Code    10  stm32f10x_usart.o(.text.USART_GetFlagStatus)
    USART_GetITStatus                        0x08003939   Thumb Code    48  stm32f10x_usart.o(.text.USART_GetITStatus)
    USART_ITConfig                           0x08003969   Thumb Code    46  stm32f10x_usart.o(.text.USART_ITConfig)
    USART_Init                               0x08003999   Thumb Code   182  stm32f10x_usart.o(.text.USART_Init)
    USART_ReceiveData                        0x08003a51   Thumb Code     8  stm32f10x_usart.o(.text.USART_ReceiveData)
    USART_SendData                           0x08003a59   Thumb Code     8  stm32f10x_usart.o(.text.USART_SendData)
    UsageFault_Handler                       0x08003a61   Thumb Code     2  stm32f10x_it.o(.text.UsageFault_Handler)
    Yaw_PID_value                            0x08003a65   Thumb Code   206  pid.o(.text.Yaw_PID_value)
    control_turn_back                        0x08003b35   Thumb Code   172  main.o(.text.control_turn_back)
    control_turn_on                          0x08003be1   Thumb Code   170  main.o(.text.control_turn_on)
    delay_ms                                 0x08003c8d   Thumb Code    78  systick.o(.text.delay_ms)
    delay_us                                 0x08003cdd   Thumb Code    64  systick.o(.text.delay_us)
    distance_PID_culculating                 0x08003d1d   Thumb Code   154  pid.o(.text.distance_PID_culculating)
    dmp_enable_feature                       0x08003db9   Thumb Code   688  inv_mpu_dmp_motion_driver.o(.text.dmp_enable_feature)
    dmp_load_motion_driver_firmware          0x08004069   Thumb Code    22  inv_mpu_dmp_motion_driver.o(.text.dmp_load_motion_driver_firmware)
    dmp_read_fifo                            0x08004081   Thumb Code   482  inv_mpu_dmp_motion_driver.o(.text.dmp_read_fifo)
    dmp_set_fifo_rate                        0x08004265   Thumb Code   110  inv_mpu_dmp_motion_driver.o(.text.dmp_set_fifo_rate)
    dmp_set_orientation                      0x080042d5   Thumb Code   272  inv_mpu_dmp_motion_driver.o(.text.dmp_set_orientation)
    dmp_set_tap_thresh                       0x080043e5   Thumb Code   292  inv_mpu_dmp_motion_driver.o(.text.dmp_set_tap_thresh)
    fputc                                    0x08004509   Thumb Code    36  usart.o(.text.fputc)
    inv_orientation_matrix_to_scalar         0x08004885   Thumb Code   180  inv_mpu.o(.text.inv_orientation_matrix_to_scalar)
    main                                     0x08004939   Thumb Code  1656  main.o(.text.main)
    mget_ms                                  0x08004fb5   Thumb Code     2  inv_mpu.o(.text.mget_ms)
    mpu_configure_fifo                       0x08004fb9   Thumb Code   152  inv_mpu.o(.text.mpu_configure_fifo)
    mpu_dmp_get_data                         0x08005051   Thumb Code   474  inv_mpu.o(.text.mpu_dmp_get_data)
    mpu_dmp_init                             0x0800522d   Thumb Code   254  inv_mpu.o(.text.mpu_dmp_init)
    mpu_get_accel_fsr                        0x0800532d   Thumb Code    56  inv_mpu.o(.text.mpu_get_accel_fsr)
    mpu_init                                 0x08005365   Thumb Code   400  inv_mpu.o(.text.mpu_init)
    mpu_load_firmware                        0x0800553d   Thumb Code   368  inv_mpu.o(.text.mpu_load_firmware)
    mpu_lp_accel_mode                        0x080056ad   Thumb Code   480  inv_mpu.o(.text.mpu_lp_accel_mode)
    mpu_read_fifo_stream                     0x0800588d   Thumb Code   170  inv_mpu.o(.text.mpu_read_fifo_stream)
    mpu_reset_fifo                           0x08005939   Thumb Code   384  inv_mpu.o(.text.mpu_reset_fifo)
    mpu_run_self_test                        0x08005ab9   Thumb Code  1208  inv_mpu.o(.text.mpu_run_self_test)
    mpu_set_accel_fsr                        0x08005f71   Thumb Code   120  inv_mpu.o(.text.mpu_set_accel_fsr)
    mpu_set_bypass                           0x08005fe9   Thumb Code   234  inv_mpu.o(.text.mpu_set_bypass)
    mpu_set_dmp_state                        0x080060d5   Thumb Code   222  inv_mpu.o(.text.mpu_set_dmp_state)
    mpu_set_lpf                              0x080061b5   Thumb Code   110  inv_mpu.o(.text.mpu_set_lpf)
    mpu_set_sample_rate                      0x08006225   Thumb Code   220  inv_mpu.o(.text.mpu_set_sample_rate)
    mpu_set_sensors                          0x08006301   Thumb Code   246  inv_mpu.o(.text.mpu_set_sensors)
    mpu_write_mem                            0x080063f9   Thumb Code   100  inv_mpu.o(.text.mpu_write_mem)
    run_self_test                            0x0800645d   Thumb Code   196  inv_mpu.o(.text.run_self_test)
    velocity_PID_value                       0x08006521   Thumb Code   276  pid.o(.text.velocity_PID_value)
    __ARM_fpclassify                         0x08006635   Thumb Code    40  fpclassify.o(i.__ARM_fpclassify)
    __kernel_poly                            0x0800665d   Thumb Code   170  poly.o(i.__kernel_poly)
    __mathlib_dbl_infnan                     0x08006707   Thumb Code     6  dunder.o(i.__mathlib_dbl_infnan)
    __mathlib_dbl_infnan2                    0x0800670d   Thumb Code     4  dunder.o(i.__mathlib_dbl_infnan2)
    __mathlib_dbl_invalid                    0x08006711   Thumb Code    12  dunder.o(i.__mathlib_dbl_invalid)
    __mathlib_dbl_underflow                  0x0800671d   Thumb Code    10  dunder.o(i.__mathlib_dbl_underflow)
    _is_digit                                0x0800672d   Thumb Code    14  __printf_wp.o(i._is_digit)
    asin                                     0x0800673d   Thumb Code   572  asin.o(i.asin)
    atan                                     0x080069ad   Thumb Code   474  atan.o(i.atan)
    atan2                                    0x08006bcd   Thumb Code   374  atan2.o(i.atan2)
    sqrt                                     0x08006d69   Thumb Code    76  sqrt.o(i.sqrt)
    __aeabi_d2f                              0x08006db5   Thumb Code     0  d2f.o(x$fpl$d2f)
    _d2f                                     0x08006db5   Thumb Code    98  d2f.o(x$fpl$d2f)
    __aeabi_dadd                             0x08006e19   Thumb Code     0  daddsub_clz.o(x$fpl$dadd)
    _dadd                                    0x08006e19   Thumb Code   332  daddsub_clz.o(x$fpl$dadd)
    __fpl_dcheck_NaN1                        0x08006f69   Thumb Code    10  dcheck1.o(x$fpl$dcheck1)
    __fpl_dcmp_Inf                           0x08006f79   Thumb Code    24  dcmpi.o(x$fpl$dcmpinf)
    __aeabi_ddiv                             0x08006f91   Thumb Code     0  ddiv.o(x$fpl$ddiv)
    _ddiv                                    0x08006f91   Thumb Code   556  ddiv.o(x$fpl$ddiv)
    __aeabi_cdcmpeq                          0x08007245   Thumb Code     0  deqf.o(x$fpl$deqf)
    _dcmpeq                                  0x08007245   Thumb Code   120  deqf.o(x$fpl$deqf)
    __aeabi_i2d                              0x080072bd   Thumb Code     0  dflt_clz.o(x$fpl$dflt)
    _dflt                                    0x080072bd   Thumb Code    46  dflt_clz.o(x$fpl$dflt)
    __aeabi_ui2d                             0x080072eb   Thumb Code     0  dflt_clz.o(x$fpl$dfltu)
    _dfltu                                   0x080072eb   Thumb Code    38  dflt_clz.o(x$fpl$dfltu)
    __aeabi_dmul                             0x08007311   Thumb Code     0  dmul.o(x$fpl$dmul)
    _dmul                                    0x08007311   Thumb Code   332  dmul.o(x$fpl$dmul)
    __fpl_dnaninf                            0x08007465   Thumb Code   156  dnaninf.o(x$fpl$dnaninf)
    __fpl_dretinf                            0x08007501   Thumb Code    12  dretinf.o(x$fpl$dretinf)
    __aeabi_drsub                            0x0800750d   Thumb Code     0  daddsub_clz.o(x$fpl$drsb)
    _drsb                                    0x0800750d   Thumb Code    22  daddsub_clz.o(x$fpl$drsb)
    _dsqrt                                   0x08007525   Thumb Code   456  dsqrt_noumaal.o(x$fpl$dsqrt)
    __aeabi_dsub                             0x080076f1   Thumb Code     0  daddsub_clz.o(x$fpl$dsub)
    _dsub                                    0x080076f1   Thumb Code   472  daddsub_clz.o(x$fpl$dsub)
    __aeabi_f2d                              0x080078cd   Thumb Code     0  f2d.o(x$fpl$f2d)
    _f2d                                     0x080078cd   Thumb Code    86  f2d.o(x$fpl$f2d)
    __aeabi_fadd                             0x08007925   Thumb Code     0  faddsub_clz.o(x$fpl$fadd)
    _fadd                                    0x08007925   Thumb Code   196  faddsub_clz.o(x$fpl$fadd)
    __aeabi_fcmpeq                           0x080079e9   Thumb Code     0  fcmp.o(x$fpl$fcmp)
    _feq                                     0x080079e9   Thumb Code    14  fcmp.o(x$fpl$fcmp)
    _fneq                                    0x080079f7   Thumb Code    14  fcmp.o(x$fpl$fcmp)
    __aeabi_fcmpgt                           0x08007a05   Thumb Code     0  fcmp.o(x$fpl$fcmp)
    _fgr                                     0x08007a05   Thumb Code    14  fcmp.o(x$fpl$fcmp)
    __aeabi_fcmpge                           0x08007a13   Thumb Code     0  fcmp.o(x$fpl$fcmp)
    _fgeq                                    0x08007a13   Thumb Code    14  fcmp.o(x$fpl$fcmp)
    __aeabi_fcmple                           0x08007a21   Thumb Code     0  fcmp.o(x$fpl$fcmp)
    _fleq                                    0x08007a21   Thumb Code    14  fcmp.o(x$fpl$fcmp)
    __aeabi_fcmplt                           0x08007a2f   Thumb Code     0  fcmp.o(x$fpl$fcmp)
    _fls                                     0x08007a2f   Thumb Code    14  fcmp.o(x$fpl$fcmp)
    __fpl_fcmp_Inf                           0x08007a3d   Thumb Code    24  fcmpi.o(x$fpl$fcmpinf)
    __aeabi_fdiv                             0x08007a55   Thumb Code     0  fdiv.o(x$fpl$fdiv)
    _fdiv                                    0x08007a55   Thumb Code   384  fdiv.o(x$fpl$fdiv)
    __aeabi_cfcmpeq                          0x08007bd9   Thumb Code     0  feqf.o(x$fpl$feqf)
    _fcmpeq                                  0x08007bd9   Thumb Code   104  feqf.o(x$fpl$feqf)
    __aeabi_f2iz                             0x08007c41   Thumb Code     0  ffix.o(x$fpl$ffix)
    _ffix                                    0x08007c41   Thumb Code    54  ffix.o(x$fpl$ffix)
    __aeabi_f2uiz                            0x08007c79   Thumb Code     0  ffixu.o(x$fpl$ffixu)
    _ffixu                                   0x08007c79   Thumb Code    62  ffixu.o(x$fpl$ffixu)
    __aeabi_i2f                              0x08007cb9   Thumb Code     0  fflt_clz.o(x$fpl$fflt)
    _fflt                                    0x08007cb9   Thumb Code    48  fflt_clz.o(x$fpl$fflt)
    __aeabi_ui2f                             0x08007ce9   Thumb Code     0  fflt_clz.o(x$fpl$ffltu)
    _ffltu                                   0x08007ce9   Thumb Code    38  fflt_clz.o(x$fpl$ffltu)
    _fcmpge                                  0x08007d11   Thumb Code   104  fgeqf.o(x$fpl$fgeqf)
    __aeabi_cfcmple                          0x08007d79   Thumb Code     0  fleqf.o(x$fpl$fleqf)
    _fcmple                                  0x08007d79   Thumb Code   104  fleqf.o(x$fpl$fleqf)
    __fpl_fcmple_InfNaN                      0x08007dcb   Thumb Code     0  fleqf.o(x$fpl$fleqf)
    __aeabi_fmul                             0x08007de1   Thumb Code     0  fmul.o(x$fpl$fmul)
    _fmul                                    0x08007de1   Thumb Code   258  fmul.o(x$fpl$fmul)
    __fpl_fnaninf                            0x08007ee3   Thumb Code   140  fnaninf.o(x$fpl$fnaninf)
    __fpl_fretinf                            0x08007f6f   Thumb Code    10  fretinf.o(x$fpl$fretinf)
    __aeabi_fsub                             0x08007f79   Thumb Code     0  faddsub_clz.o(x$fpl$fsub)
    _fsub                                    0x08007f79   Thumb Code   234  faddsub_clz.o(x$fpl$fsub)
    __fpl_return_NaN                         0x08008063   Thumb Code   100  retnan.o(x$fpl$retnan)
    __ARM_scalbn                             0x080080c7   Thumb Code    92  scalbn.o(x$fpl$scalbn)
    __fpl_cmpreturn                          0x08008123   Thumb Code    48  trapv.o(x$fpl$trapveneer)
    __I$use$fp                               0x08008152   Number         0  usenofp.o(x$fpl$usenofp)
    __mathlib_zero                           0x08008278   Data           8  qnan.o(.constdata)
    __stdin_name                             0x08008280   Data           4  sys_io_names.o(.constdata)
    __stdout_name                            0x08008284   Data           4  sys_io_names.o(.constdata)
    __stderr_name                            0x08008288   Data           4  sys_io_names.o(.constdata)
    OLED_F8x16                               0x080082a6   Data        1520  oled.o(.rodata.OLED_F8x16)
    hw                                       0x0800949c   Data          12  inv_mpu.o(.rodata.hw)
    reg                                      0x080094a8   Data          27  inv_mpu.o(.rodata.reg)
    test                                     0x08009510   Data          40  inv_mpu.o(.rodata.test)
    Region$$Table$$Base                      0x08009538   Number         0  anon$$obj.o(Region$$Table)
    Region$$Table$$Limit                     0x08009558   Number         0  anon$$obj.o(Region$$Table)
    __aeabi_stdin                            0x20000000   Data           4  stdio_streams.o(.data)
    __aeabi_stdout                           0x20000004   Data           4  stdio_streams.o(.data)
    __aeabi_stderr                           0x20000008   Data           4  stdio_streams.o(.data)
    Dd                                       0x20000010   Data           8  pid.o(.data.Dd)
    Dp                                       0x20000018   Data           8  pid.o(.data.Dp)
    Med_of_Mec                               0x20000020   Data           8  pid.o(.data.Med_of_Mec)
    VKi                                      0x20000028   Data           8  pid.o(.data.VKi)
    VKp                                      0x20000030   Data           8  pid.o(.data.VKp)
    Yp                                       0x20000038   Data           8  pid.o(.data.Yp)
    current_distant                          0x20000040   Data           4  hsr04.o(.data.current_distant)
    dostamt_load_account                     0x20000044   Data           1  hsr04.o(.data.dostamt_load_account)
    kd                                       0x20000050   Data           8  pid.o(.data.kd)
    kp                                       0x20000058   Data           8  pid.o(.data.kp)
    lastime_distant                          0x20000060   Data           4  hsr04.o(.data.lastime_distant)
    speed_accound                            0x20000064   Data           2  main.o(.data.speed_accound)
    uart_message                             0x20000094   Data           4  usart.o(.data.uart_message)
    __stdin                                  0x20000098   Data          84  stdio_streams.o(.bss)
    __stdout                                 0x200000ec   Data          84  stdio_streams.o(.bss)
    __stderr                                 0x20000140   Data          84  stdio_streams.o(.bss)
    __libspace_start                         0x20000194   Data          96  libspace.o(.bss)
    Control_Out_Left                         0x200001f4   Data           4  pid.o(.bss.Control_Out_Left)
    __temporary_stack_top$libspace           0x200001f4   Data           0  libspace.o(.bss)
    Control_Out_Right                        0x200001f8   Data           4  pid.o(.bss.Control_Out_Right)
    Hsr_distant                              0x200001fc   Data           4  hsr04.o(.bss.Hsr_distant)
    Hsr_pull_out_counter                     0x20000200   Data           2  hsr04.o(.bss.Hsr_pull_out_counter)
    IR_RECEIVE                               0x20000202   Data           5  hwyk.o(.bss.IR_RECEIVE)
    TIMx_CHx_CAPTURE_STA                     0x20000208   Data           2  tim_ic.o(.bss.TIMx_CHx_CAPTURE_STA)
    TIMx_CHx_CAPTURE_VAL                     0x2000020a   Data           2  tim_ic.o(.bss.TIMx_CHx_CAPTURE_VAL)
    Yd                                       0x20000210   Data           8  pid.o(.bss.Yd)
    aacx                                     0x20000218   Data           2  main.o(.bss.aacx)
    aacy                                     0x2000021a   Data           2  main.o(.bss.aacy)
    aacz                                     0x2000021c   Data           2  main.o(.bss.aacz)
    angel_sum                                0x20000220   Data           4  pid.o(.bss.angel_sum)
    detcet_level_sign                        0x20000224   Data           1  hwyk.o(.bss.detcet_level_sign)
    distant_average_load                     0x20000228   Data           4  hsr04.o(.bss.distant_average_load)
    expect_Yaw_angel                         0x20000240   Data           4  pid.o(.bss.expect_Yaw_angel)
    exti_sign                                0x20000244   Data           1  hwyk.o(.bss.exti_sign)
    gGUA_InfraredReceiver_Data               0x20000248   Data           4  hwyk.o(.bss.gGUA_InfraredReceiver_Data)
    gyrox                                    0x2000024c   Data           2  main.o(.bss.gyrox)
    gyroy                                    0x2000024e   Data           2  main.o(.bss.gyroy)
    gyroz                                    0x20000250   Data           2  main.o(.bss.gyroz)
    hwyk_exti_sign                           0x20000252   Data           1  hwyk.o(.bss.hwyk_exti_sign)
    hwyk_exti_tragger                        0x20000253   Data           1  hwyk.o(.bss.hwyk_exti_tragger)
    ki                                       0x20000258   Data           8  pid.o(.bss.ki)
    last_Yaw_angle                           0x20000260   Data           4  pid.o(.bss.last_Yaw_angle)
    last_filt_velocity                       0x20000264   Data           4  pid.o(.bss.last_filt_velocity)
    lastime_pitch                            0x20000268   Data           4  pid.o(.bss.lastime_pitch)
    pitch                                    0x2000026c   Data           4  main.o(.bss.pitch)
    pre_gyroy                                0x20000270   Data           2  pid.o(.bss.pre_gyroy)
    pre_sign                                 0x20000274   Data           4  main.o(.bss.pre_sign)
    roll                                     0x20000278   Data           4  main.o(.bss.roll)
    runtime_account                          0x2000027c   Data           1  hwyk.o(.bss.runtime_account)
    sign                                     0x20000280   Data           4  motor.o(.bss.sign)
    sign_for_load                            0x20000284   Data           4  main.o(.bss.sign_for_load)
    speed_recover_filiter                    0x20000288   Data           4  main.o(.bss.speed_recover_filiter)
    velocity_sum                             0x2000028c   Data           4  pid.o(.bss.velocity_sum)
    yaw                                      0x20000290   Data           4  main.o(.bss.yaw)



==============================================================================

Memory Map of the image

  Image Entry point : 0x080000ed

  Load Region LR_IROM1 (Base: 0x08000000, Size: 0x000095f0, Max: 0xffffffff, ABSOLUTE)

    Execution Region ER_IROM1 (Exec base: 0x08000000, Load base: 0x08000000, Size: 0x00009558, Max: 0x00010000, ABSOLUTE)

    Exec Addr    Load Addr    Size         Type   Attr      Idx    E Section Name        Object

    0x08000000   0x08000000   0x000000ec   Data   RO            3    RESET               startup_stm32f10x_md.o
    0x080000ec   0x080000ec   0x00000008   Code   RO         1883  * !!!main             c_w.l(__main.o)
    0x080000f4   0x080000f4   0x00000034   Code   RO         2348    !!!scatter          c_w.l(__scatter.o)
    0x08000128   0x08000128   0x0000001a   Code   RO         2350    !!handler_copy      c_w.l(__scatter_copy.o)
    0x08000142   0x08000142   0x00000002   PAD
    0x08000144   0x08000144   0x0000001c   Code   RO         2352    !!handler_zi        c_w.l(__scatter_zi.o)
    0x08000160   0x08000160   0x00000000   Code   RO         1874    .ARM.Collect$$_printf_percent$$00000000  c_w.l(_printf_percent.o)
    0x08000160   0x08000160   0x00000006   Code   RO         1873    .ARM.Collect$$_printf_percent$$00000009  c_w.l(_printf_d.o)
    0x08000166   0x08000166   0x00000006   Code   RO         1872    .ARM.Collect$$_printf_percent$$0000000C  c_w.l(_printf_x.o)
    0x0800016c   0x0800016c   0x00000004   Code   RO         1970    .ARM.Collect$$_printf_percent$$00000017  c_w.l(_printf_percent_end.o)
    0x08000170   0x08000170   0x00000002   Code   RO         2149    .ARM.Collect$$libinit$$00000000  c_w.l(libinit.o)
    0x08000172   0x08000172   0x00000000   Code   RO         2151    .ARM.Collect$$libinit$$00000002  c_w.l(libinit2.o)
    0x08000172   0x08000172   0x00000000   Code   RO         2153    .ARM.Collect$$libinit$$00000004  c_w.l(libinit2.o)
    0x08000172   0x08000172   0x00000000   Code   RO         2155    .ARM.Collect$$libinit$$00000006  c_w.l(libinit2.o)
    0x08000172   0x08000172   0x00000008   Code   RO         2156    .ARM.Collect$$libinit$$00000007  c_w.l(libinit2.o)
    0x0800017a   0x0800017a   0x00000000   Code   RO         2158    .ARM.Collect$$libinit$$0000000C  c_w.l(libinit2.o)
    0x0800017a   0x0800017a   0x00000000   Code   RO         2160    .ARM.Collect$$libinit$$0000000E  c_w.l(libinit2.o)
    0x0800017a   0x0800017a   0x00000000   Code   RO         2162    .ARM.Collect$$libinit$$00000010  c_w.l(libinit2.o)
    0x0800017a   0x0800017a   0x00000000   Code   RO         2165    .ARM.Collect$$libinit$$00000013  c_w.l(libinit2.o)
    0x0800017a   0x0800017a   0x00000000   Code   RO         2167    .ARM.Collect$$libinit$$00000015  c_w.l(libinit2.o)
    0x0800017a   0x0800017a   0x00000000   Code   RO         2169    .ARM.Collect$$libinit$$00000017  c_w.l(libinit2.o)
    0x0800017a   0x0800017a   0x00000000   Code   RO         2171    .ARM.Collect$$libinit$$00000019  c_w.l(libinit2.o)
    0x0800017a   0x0800017a   0x00000000   Code   RO         2173    .ARM.Collect$$libinit$$0000001B  c_w.l(libinit2.o)
    0x0800017a   0x0800017a   0x00000000   Code   RO         2175    .ARM.Collect$$libinit$$0000001D  c_w.l(libinit2.o)
    0x0800017a   0x0800017a   0x00000000   Code   RO         2177    .ARM.Collect$$libinit$$0000001F  c_w.l(libinit2.o)
    0x0800017a   0x0800017a   0x00000000   Code   RO         2179    .ARM.Collect$$libinit$$00000021  c_w.l(libinit2.o)
    0x0800017a   0x0800017a   0x00000000   Code   RO         2181    .ARM.Collect$$libinit$$00000023  c_w.l(libinit2.o)
    0x0800017a   0x0800017a   0x00000000   Code   RO         2183    .ARM.Collect$$libinit$$00000025  c_w.l(libinit2.o)
    0x0800017a   0x0800017a   0x00000004   Code   RO         2184    .ARM.Collect$$libinit$$00000026  c_w.l(libinit2.o)
    0x0800017e   0x0800017e   0x00000000   Code   RO         2185    .ARM.Collect$$libinit$$00000027  c_w.l(libinit2.o)
    0x0800017e   0x0800017e   0x00000000   Code   RO         2189    .ARM.Collect$$libinit$$0000002E  c_w.l(libinit2.o)
    0x0800017e   0x0800017e   0x00000000   Code   RO         2191    .ARM.Collect$$libinit$$00000030  c_w.l(libinit2.o)
    0x0800017e   0x0800017e   0x00000000   Code   RO         2193    .ARM.Collect$$libinit$$00000032  c_w.l(libinit2.o)
    0x0800017e   0x0800017e   0x00000000   Code   RO         2195    .ARM.Collect$$libinit$$00000034  c_w.l(libinit2.o)
    0x0800017e   0x0800017e   0x00000002   Code   RO         2196    .ARM.Collect$$libinit$$00000035  c_w.l(libinit2.o)
    0x08000180   0x08000180   0x00000002   Code   RO         2329    .ARM.Collect$$libshutdown$$00000000  c_w.l(libshutdown.o)
    0x08000182   0x08000182   0x00000000   Code   RO         2198    .ARM.Collect$$libshutdown$$00000002  c_w.l(libshutdown2.o)
    0x08000182   0x08000182   0x00000004   Code   RO         2199    .ARM.Collect$$libshutdown$$00000003  c_w.l(libshutdown2.o)
    0x08000186   0x08000186   0x00000000   Code   RO         2200    .ARM.Collect$$libshutdown$$00000004  c_w.l(libshutdown2.o)
    0x08000186   0x08000186   0x00000000   Code   RO         2203    .ARM.Collect$$libshutdown$$00000007  c_w.l(libshutdown2.o)
    0x08000186   0x08000186   0x00000000   Code   RO         2206    .ARM.Collect$$libshutdown$$0000000A  c_w.l(libshutdown2.o)
    0x08000186   0x08000186   0x00000000   Code   RO         2208    .ARM.Collect$$libshutdown$$0000000C  c_w.l(libshutdown2.o)
    0x08000186   0x08000186   0x00000000   Code   RO         2211    .ARM.Collect$$libshutdown$$0000000F  c_w.l(libshutdown2.o)
    0x08000186   0x08000186   0x00000002   Code   RO         2212    .ARM.Collect$$libshutdown$$00000010  c_w.l(libshutdown2.o)
    0x08000188   0x08000188   0x00000000   Code   RO         1957    .ARM.Collect$$rtentry$$00000000  c_w.l(__rtentry.o)
    0x08000188   0x08000188   0x00000000   Code   RO         2018    .ARM.Collect$$rtentry$$00000002  c_w.l(__rtentry2.o)
    0x08000188   0x08000188   0x00000006   Code   RO         2030    .ARM.Collect$$rtentry$$00000004  c_w.l(__rtentry4.o)
    0x0800018e   0x0800018e   0x00000000   Code   RO         2020    .ARM.Collect$$rtentry$$00000009  c_w.l(__rtentry2.o)
    0x0800018e   0x0800018e   0x00000004   Code   RO         2021    .ARM.Collect$$rtentry$$0000000A  c_w.l(__rtentry2.o)
    0x08000192   0x08000192   0x00000000   Code   RO         2023    .ARM.Collect$$rtentry$$0000000C  c_w.l(__rtentry2.o)
    0x08000192   0x08000192   0x00000008   Code   RO         2024    .ARM.Collect$$rtentry$$0000000D  c_w.l(__rtentry2.o)
    0x0800019a   0x0800019a   0x00000002   Code   RO         2219    .ARM.Collect$$rtexit$$00000000  c_w.l(rtexit.o)
    0x0800019c   0x0800019c   0x00000000   Code   RO         2274    .ARM.Collect$$rtexit$$00000002  c_w.l(rtexit2.o)
    0x0800019c   0x0800019c   0x00000004   Code   RO         2275    .ARM.Collect$$rtexit$$00000003  c_w.l(rtexit2.o)
    0x080001a0   0x080001a0   0x00000006   Code   RO         2276    .ARM.Collect$$rtexit$$00000004  c_w.l(rtexit2.o)
    0x080001a6   0x080001a6   0x00000002   PAD
    0x080001a8   0x080001a8   0x00000040   Code   RO            4    .text               startup_stm32f10x_md.o
    0x080001e8   0x080001e8   0x00000074   Code   RO         1819    .text               c_w.l(llsdiv.o)
    0x0800025c   0x0800025c   0x00000018   Code   RO         1823    .text               c_w.l(noretval__2printf.o)
    0x08000274   0x08000274   0x0000004e   Code   RO         1827    .text               c_w.l(_printf_pad.o)
    0x080002c2   0x080002c2   0x00000002   PAD
    0x080002c4   0x080002c4   0x00000078   Code   RO         1829    .text               c_w.l(_printf_dec.o)
    0x0800033c   0x0800033c   0x00000058   Code   RO         1834    .text               c_w.l(_printf_hex_int.o)
    0x08000394   0x08000394   0x00000138   Code   RO         1864    .text               c_w.l(__printf_flags_wp.o)
    0x080004cc   0x080004cc   0x0000002c   Code   RO         1875    .text               c_w.l(puts.o)
    0x080004f8   0x080004f8   0x00000058   Code   RO         1877    .text               c_w.l(memcmp.o)
    0x08000550   0x08000550   0x0000004e   Code   RO         1879    .text               c_w.l(rt_memclr_w.o)
    0x0800059e   0x0800059e   0x00000006   Code   RO         1881    .text               c_w.l(heapauxi.o)
    0x080005a4   0x080005a4   0x000000f0   Code   RO         1962    .text               c_w.l(lludivv7m.o)
    0x08000694   0x08000694   0x00000016   Code   RO         1964    .text               c_w.l(_rserrno.o)
    0x080006aa   0x080006aa   0x000000b2   Code   RO         1966    .text               c_w.l(_printf_intcommon.o)
    0x0800075c   0x0800075c   0x00000024   Code   RO         1968    .text               c_w.l(_printf_char_file.o)
    0x08000780   0x08000780   0x00000008   Code   RO         2037    .text               c_w.l(rt_errno_addr_intlibspace.o)
    0x08000788   0x08000788   0x00000030   Code   RO         2039    .text               c_w.l(_printf_char_common.o)
    0x080007b8   0x080007b8   0x00000008   Code   RO         2041    .text               c_w.l(ferror.o)
    0x080007c0   0x080007c0   0x00000138   Code   RO         2043    .text               c_w.l(initio.o)
    0x080008f8   0x080008f8   0x00000008   Code   RO         2058    .text               c_w.l(libspace.o)
    0x08000900   0x08000900   0x0000004a   Code   RO         2063    .text               c_w.l(sys_stackheap_outer.o)
    0x0800094a   0x0800094a   0x0000004e   Code   RO         2067    .text               c_w.l(h1_free.o)
    0x08000998   0x08000998   0x00000046   Code   RO         2123    .text               c_w.l(setvbuf.o)
    0x080009de   0x080009de   0x00000002   PAD
    0x080009e0   0x080009e0   0x000000f0   Code   RO         2126    .text               c_w.l(fopen.o)
    0x08000ad0   0x08000ad0   0x0000004c   Code   RO         2128    .text               c_w.l(fclose.o)
    0x08000b1c   0x08000b1c   0x00000012   Code   RO         2134    .text               c_w.l(exit.o)
    0x08000b2e   0x08000b2e   0x0000000e   Code   RO         2140    .text               c_w.l(defsig_rtred_outer.o)
    0x08000b3c   0x08000b3c   0x00000066   Code   RO         2215    .text               c_w.l(sys_io.o)
    0x08000ba2   0x08000ba2   0x00000002   PAD
    0x08000ba4   0x08000ba4   0x00000008   Code   RO         2226    .text               c_w.l(rt_heap_descriptor_intlibspace.o)
    0x08000bac   0x08000bac   0x00000004   Code   RO         2228    .text               c_w.l(hguard.o)
    0x08000bb0   0x08000bb0   0x0000008a   Code   RO         2230    .text               c_w.l(init_alloc.o)
    0x08000c3a   0x08000c3a   0x0000005e   Code   RO         2236    .text               c_w.l(h1_alloc.o)
    0x08000c98   0x08000c98   0x000000f8   Code   RO         2248    .text               c_w.l(fseek.o)
    0x08000d90   0x08000d90   0x00000108   Code   RO         2250    .text               c_w.l(stdio.o)
    0x08000e98   0x08000e98   0x0000000a   Code   RO         2252    .text               c_w.l(defsig_exit.o)
    0x08000ea2   0x08000ea2   0x00000002   PAD
    0x08000ea4   0x08000ea4   0x00000034   Code   RO         2256    .text               c_w.l(defsig_rtred_inner.o)
    0x08000ed8   0x08000ed8   0x0000000c   Code   RO         2266    .text               c_w.l(sys_exit.o)
    0x08000ee4   0x08000ee4   0x00000002   Code   RO         2270    .text               c_w.l(use_no_semi.o)
    0x08000ee6   0x08000ee6   0x00000000   Code   RO         2272    .text               c_w.l(indicate_semi.o)
    0x08000ee6   0x08000ee6   0x00000000   Code   RO         2280    .text               c_w.l(maybetermalloc1.o)
    0x08000ee6   0x08000ee6   0x0000000e   Code   RO         2282    .text               c_w.l(h1_init.o)
    0x08000ef4   0x08000ef4   0x00000034   Code   RO         2284    .text               c_w.l(h1_extend.o)
    0x08000f28   0x08000f28   0x00000042   Code   RO         2290    .text               c_w.l(ftell.o)
    0x08000f6a   0x08000f6a   0x00000032   Code   RO         2294    .text               c_w.l(defsig_general.o)
    0x08000f9c   0x08000f9c   0x0000000e   Code   RO         2296    .text               c_w.l(defsig_rtmem_outer.o)
    0x08000faa   0x08000faa   0x0000003e   Code   RO         2300    .text               c_w.l(strlen.o)
    0x08000fe8   0x08000fe8   0x0000000e   Code   RO         2311    .text               c_w.l(sys_wrch.o)
    0x08000ff6   0x08000ff6   0x00000002   PAD
    0x08000ff8   0x08000ff8   0x00000050   Code   RO         2323    .text               c_w.l(defsig_rtmem_inner.o)
    0x08001048   0x08001048   0x0000004e   Code   RO         1753    .text.ALL_Init      main.o
    0x08001096   0x08001096   0x00000002   PAD
    0x08001098   0x08001098   0x000000fc   Code   RO         1427    .text.Balance_Control  pid.o
    0x08001194   0x08001194   0x00000002   Code   RO         1799    .text.BusFault_Handler  stm32f10x_it.o
    0x08001196   0x08001196   0x00000002   PAD
    0x08001198   0x08001198   0x00000002   Code   RO         1805    .text.DebugMon_Handler  stm32f10x_it.o
    0x0800119a   0x0800119a   0x00000002   PAD
    0x0800119c   0x0800119c   0x00000c28   Code   RO         1408    .text.EXTI15_10_IRQHandler  hwyk.o
    0x08001dc4   0x08001dc4   0x0000000c   Code   RO          357    .text.EXTI_ClearITPendingBit  stm32f10x_exti.o
    0x08001dd0   0x08001dd0   0x0000001e   Code   RO          355    .text.EXTI_GetITStatus  stm32f10x_exti.o
    0x08001dee   0x08001dee   0x00000002   PAD
    0x08001df0   0x08001df0   0x00000068   Code   RO          345    .text.EXTI_Init     stm32f10x_exti.o
    0x08001e58   0x08001e58   0x00000024   Code   RO         1324    .text.Encoder1_Get  motor.o
    0x08001e7c   0x08001e7c   0x00000024   Code   RO         1326    .text.Encoder2_Get  motor.o
    0x08001ea0   0x08001ea0   0x0000010a   Code   RO         1322    .text.Encoder_Init  motor.o
    0x08001faa   0x08001faa   0x00000002   PAD
    0x08001fac   0x08001fac   0x00000030   Code   RO         1146    .text.GET_GPIO_RCC  system.o
    0x08001fdc   0x08001fdc   0x0000002e   Code   RO          509    .text.GPIO_EXTILineConfig  stm32f10x_gpio.o
    0x0800200a   0x0800200a   0x00000002   PAD
    0x0800200c   0x0800200c   0x000000c0   Code   RO          481    .text.GPIO_Init     stm32f10x_gpio.o
    0x080020cc   0x080020cc   0x0000007a   Code   RO          507    .text.GPIO_PinRemapConfig  stm32f10x_gpio.o
    0x08002146   0x08002146   0x00000002   PAD
    0x08002148   0x08002148   0x00000004   Code   RO          493    .text.GPIO_SetBits  stm32f10x_gpio.o
    0x0800214c   0x0800214c   0x0000000c   Code   RO          497    .text.GPIO_WriteBit  stm32f10x_gpio.o
    0x08002158   0x08002158   0x00000088   Code   RO         1404    .text.GUA_Infrared_Receiver_Init  hwyk.o
    0x080021e0   0x080021e0   0x00000094   Code   RO         1387    .text.HSR04_Init    hsr04.o
    0x08002274   0x08002274   0x0000001a   Code   RO         1389    .text.HSR04_Trig_Open  hsr04.o
    0x0800228e   0x0800228e   0x00000002   PAD
    0x08002290   0x08002290   0x00000002   Code   RO         1795    .text.HardFault_Handler  stm32f10x_it.o
    0x08002292   0x08002292   0x00000002   PAD
    0x08002294   0x08002294   0x00000180   Code   RO         1256    .text.LED_Init      led.o
    0x08002414   0x08002414   0x00000040   Code   RO         1523    .text.MPU_Get_Accelerometer  mpu6050.o
    0x08002454   0x08002454   0x00000040   Code   RO         1521    .text.MPU_Get_Gyroscope  mpu6050.o
    0x08002494   0x08002494   0x00000060   Code   RO         1537    .text.MPU_IIC_Init  mpuiic.o
    0x080024f4   0x080024f4   0x0000009c   Code   RO         1551    .text.MPU_IIC_Read_Byte  mpuiic.o
    0x08002590   0x08002590   0x0000005a   Code   RO         1549    .text.MPU_IIC_Send_Byte  mpuiic.o
    0x080025ea   0x080025ea   0x00000002   PAD
    0x080025ec   0x080025ec   0x0000003c   Code   RO         1539    .text.MPU_IIC_Start  mpuiic.o
    0x08002628   0x08002628   0x0000003e   Code   RO         1541    .text.MPU_IIC_Stop  mpuiic.o
    0x08002666   0x08002666   0x00000002   PAD
    0x08002668   0x08002668   0x0000007c   Code   RO         1543    .text.MPU_IIC_Wait_Ack  mpuiic.o
    0x080026e4   0x080026e4   0x00000062   Code   RO         1519    .text.MPU_Read_Len  mpu6050.o
    0x08002746   0x08002746   0x00000002   PAD
    0x08002748   0x08002748   0x00000058   Code   RO         1525    .text.MPU_Write_Len  mpu6050.o
    0x080027a0   0x080027a0   0x00000002   Code   RO         1797    .text.MemManage_Handler  stm32f10x_it.o
    0x080027a2   0x080027a2   0x00000002   PAD
    0x080027a4   0x080027a4   0x0000010e   Code   RO         1314    .text.Motor_Init    motor.o
    0x080028b2   0x080028b2   0x00000002   PAD
    0x080028b4   0x080028b4   0x0000002a   Code   RO         1320    .text.Motor_SetSpeed1  motor.o
    0x080028de   0x080028de   0x00000002   PAD
    0x080028e0   0x080028e0   0x0000002a   Code   RO         1318    .text.Motor_SetSpeed2  motor.o
    0x0800290a   0x0800290a   0x00000002   PAD
    0x0800290c   0x0800290c   0x00000002   Code   RO         1793    .text.NMI_Handler   stm32f10x_it.o
    0x0800290e   0x0800290e   0x00000002   PAD
    0x08002910   0x08002910   0x0000005e   Code   RO           27    .text.NVIC_Init     misc.o
    0x0800296e   0x0800296e   0x00000002   PAD
    0x08002970   0x08002970   0x00000014   Code   RO           25    .text.NVIC_PriorityGroupConfig  misc.o
    0x08002984   0x08002984   0x00000120   Code   RO         1302    .text.OLED_Init     oled.o
    0x08002aa4   0x08002aa4   0x0000008e   Code   RO         1286    .text.OLED_ShowChar  oled.o
    0x08002b32   0x08002b32   0x00000002   PAD
    0x08002b34   0x08002b34   0x00000074   Code   RO         1294    .text.OLED_ShowNum  oled.o
    0x08002ba8   0x08002ba8   0x00000088   Code   RO         1296    .text.OLED_ShowSignedNum  oled.o
    0x08002c30   0x08002c30   0x0000002a   Code   RO         1290    .text.OLED_ShowString  oled.o
    0x08002c5a   0x08002c5a   0x00000002   PAD
    0x08002c5c   0x08002c5c   0x00000146   Code   RO         1278    .text.OLED_WriteCommand  oled.o
    0x08002da2   0x08002da2   0x00000002   PAD
    0x08002da4   0x08002da4   0x0000014e   Code   RO         1280    .text.OLED_WriteData  oled.o
    0x08002ef2   0x08002ef2   0x00000002   PAD
    0x08002ef4   0x08002ef4   0x000000f0   Code   RO         1437    .text.PID_parameter_config  pid.o
    0x08002fe4   0x08002fe4   0x00000002   Code   RO         1807    .text.PendSV_Handler  stm32f10x_it.o
    0x08002fe6   0x08002fe6   0x00000002   PAD
    0x08002fe8   0x08002fe8   0x00000018   Code   RO          688    .text.RCC_APB1PeriphClockCmd  stm32f10x_rcc.o
    0x08003000   0x08003000   0x00000018   Code   RO          686    .text.RCC_APB2PeriphClockCmd  stm32f10x_rcc.o
    0x08003018   0x08003018   0x000000a0   Code   RO          682    .text.RCC_GetClocksFreq  stm32f10x_rcc.o
    0x080030b8   0x080030b8   0x00000002   Code   RO         1803    .text.SVC_Handler   stm32f10x_it.o
    0x080030ba   0x080030ba   0x00000002   PAD
    0x080030bc   0x080030bc   0x00000018   Code   RO           33    .text.SysTick_CLKSourceConfig  misc.o
    0x080030d4   0x080030d4   0x00000002   Code   RO         1809    .text.SysTick_Handler  stm32f10x_it.o
    0x080030d6   0x080030d6   0x00000002   PAD
    0x080030d8   0x080030d8   0x00000114   Code   RO           11    .text.SystemInit    system_stm32f10x.o
    0x080031ec   0x080031ec   0x0000001a   Code   RO         1155    .text.Systick_Init  systick.o
    0x08003206   0x08003206   0x00000002   PAD
    0x08003208   0x08003208   0x00000026   Code   RO         1316    .text.TIM2_IRQHandler  motor.o
    0x0800322e   0x0800322e   0x00000002   PAD
    0x08003230   0x08003230   0x00000024   Code   RO         1188    .text.TIM3_IRQHandler  timer.o
    0x08003254   0x08003254   0x000000e8   Code   RO         1206    .text.TIM4_IRQHandler  tim_ic.o
    0x0800333c   0x0800333c   0x00000006   Code   RO         1042    .text.TIM_ClearFlag  stm32f10x_tim.o
    0x08003342   0x08003342   0x00000002   PAD
    0x08003344   0x08003344   0x00000006   Code   RO         1046    .text.TIM_ClearITPendingBit  stm32f10x_tim.o
    0x0800334a   0x0800334a   0x00000002   PAD
    0x0800334c   0x0800334c   0x00000012   Code   RO          908    .text.TIM_Cmd       stm32f10x_tim.o
    0x0800335e   0x0800335e   0x00000002   PAD
    0x08003360   0x08003360   0x00000030   Code   RO          938    .text.TIM_EncoderInterfaceConfig  stm32f10x_tim.o
    0x08003390   0x08003390   0x00000004   Code   RO         1028    .text.TIM_GetCapture1  stm32f10x_tim.o
    0x08003394   0x08003394   0x00000004   Code   RO         1036    .text.TIM_GetCounter  stm32f10x_tim.o
    0x08003398   0x08003398   0x0000000a   Code   RO         1040    .text.TIM_GetFlagStatus  stm32f10x_tim.o
    0x080033a2   0x080033a2   0x00000002   PAD
    0x080033a4   0x080033a4   0x00000018   Code   RO         1044    .text.TIM_GetITStatus  stm32f10x_tim.o
    0x080033bc   0x080033bc   0x000002a0   Code   RO          886    .text.TIM_ICInit    stm32f10x_tim.o
    0x0800365c   0x0800365c   0x0000000c   Code   RO          904    .text.TIM_ICStructInit  stm32f10x_tim.o
    0x08003668   0x08003668   0x00000010   Code   RO          912    .text.TIM_ITConfig  stm32f10x_tim.o
    0x08003678   0x08003678   0x0000000a   Code   RO          920    .text.TIM_InternalClockConfig  stm32f10x_tim.o
    0x08003682   0x08003682   0x00000002   PAD
    0x08003684   0x08003684   0x00000070   Code   RO          878    .text.TIM_OC1Init   stm32f10x_tim.o
    0x080036f4   0x080036f4   0x0000000c   Code   RO          980    .text.TIM_OC1PolarityConfig  stm32f10x_tim.o
    0x08003700   0x08003700   0x00000074   Code   RO          880    .text.TIM_OC2Init   stm32f10x_tim.o
    0x08003774   0x08003774   0x0000000c   Code   RO          902    .text.TIM_OCStructInit  stm32f10x_tim.o
    0x08003780   0x08003780   0x00000004   Code   RO         1018    .text.TIM_SetCompare1  stm32f10x_tim.o
    0x08003784   0x08003784   0x00000004   Code   RO         1020    .text.TIM_SetCompare2  stm32f10x_tim.o
    0x08003788   0x08003788   0x00000004   Code   RO         1014    .text.TIM_SetCounter  stm32f10x_tim.o
    0x0800378c   0x0800378c   0x000000aa   Code   RO          876    .text.TIM_TimeBaseInit  stm32f10x_tim.o
    0x08003836   0x08003836   0x00000002   PAD
    0x08003838   0x08003838   0x0000002c   Code   RO         1237    .text.USART1_IRQHandler  usart.o
    0x08003864   0x08003864   0x000000aa   Code   RO         1235    .text.USART1_Init   usart.o
    0x0800390e   0x0800390e   0x00000002   PAD
    0x08003910   0x08003910   0x00000006   Code   RO         1108    .text.USART_ClearFlag  stm32f10x_usart.o
    0x08003916   0x08003916   0x00000002   PAD
    0x08003918   0x08003918   0x00000014   Code   RO         1066    .text.USART_Cmd     stm32f10x_usart.o
    0x0800392c   0x0800392c   0x0000000a   Code   RO         1106    .text.USART_GetFlagStatus  stm32f10x_usart.o
    0x08003936   0x08003936   0x00000002   PAD
    0x08003938   0x08003938   0x00000030   Code   RO         1110    .text.USART_GetITStatus  stm32f10x_usart.o
    0x08003968   0x08003968   0x0000002e   Code   RO         1068    .text.USART_ITConfig  stm32f10x_usart.o
    0x08003996   0x08003996   0x00000002   PAD
    0x08003998   0x08003998   0x000000b6   Code   RO         1058    .text.USART_Init    stm32f10x_usart.o
    0x08003a4e   0x08003a4e   0x00000002   PAD
    0x08003a50   0x08003a50   0x00000008   Code   RO         1084    .text.USART_ReceiveData  stm32f10x_usart.o
    0x08003a58   0x08003a58   0x00000008   Code   RO         1082    .text.USART_SendData  stm32f10x_usart.o
    0x08003a60   0x08003a60   0x00000002   Code   RO         1801    .text.UsageFault_Handler  stm32f10x_it.o
    0x08003a62   0x08003a62   0x00000002   PAD
    0x08003a64   0x08003a64   0x000000ce   Code   RO         1433    .text.Yaw_PID_value  pid.o
    0x08003b32   0x08003b32   0x00000002   PAD
    0x08003b34   0x08003b34   0x000000ac   Code   RO         1759    .text.control_turn_back  main.o
    0x08003be0   0x08003be0   0x000000aa   Code   RO         1757    .text.control_turn_on  main.o
    0x08003c8a   0x08003c8a   0x00000002   PAD
    0x08003c8c   0x08003c8c   0x0000004e   Code   RO         1159    .text.delay_ms      systick.o
    0x08003cda   0x08003cda   0x00000002   PAD
    0x08003cdc   0x08003cdc   0x00000040   Code   RO         1157    .text.delay_us      systick.o
    0x08003d1c   0x08003d1c   0x0000009a   Code   RO         1435    .text.distance_PID_culculating  pid.o
    0x08003db6   0x08003db6   0x00000002   PAD
    0x08003db8   0x08003db8   0x000002b0   Code   RO         1709    .text.dmp_enable_feature  inv_mpu_dmp_motion_driver.o
    0x08004068   0x08004068   0x00000016   Code   RO         1673    .text.dmp_load_motion_driver_firmware  inv_mpu_dmp_motion_driver.o
    0x0800407e   0x0800407e   0x00000002   PAD
    0x08004080   0x08004080   0x000001e2   Code   RO         1721    .text.dmp_read_fifo  inv_mpu_dmp_motion_driver.o
    0x08004262   0x08004262   0x00000002   PAD
    0x08004264   0x08004264   0x0000006e   Code   RO         1681    .text.dmp_set_fifo_rate  inv_mpu_dmp_motion_driver.o
    0x080042d2   0x080042d2   0x00000002   PAD
    0x080042d4   0x080042d4   0x00000110   Code   RO         1675    .text.dmp_set_orientation  inv_mpu_dmp_motion_driver.o
    0x080043e4   0x080043e4   0x00000124   Code   RO         1685    .text.dmp_set_tap_thresh  inv_mpu_dmp_motion_driver.o
    0x08004508   0x08004508   0x00000024   Code   RO         1233    .text.fputc         usart.o
    0x0800452c   0x0800452c   0x00000356   Code   RO         1629    .text.get_st_biases  inv_mpu.o
    0x08004882   0x08004882   0x00000002   PAD
    0x08004884   0x08004884   0x000000b4   Code   RO         1649    .text.inv_orientation_matrix_to_scalar  inv_mpu.o
    0x08004938   0x08004938   0x0000067c   Code   RO         1751    .text.main          main.o
    0x08004fb4   0x08004fb4   0x00000002   Code   RO         1587    .text.mget_ms       inv_mpu.o
    0x08004fb6   0x08004fb6   0x00000002   PAD
    0x08004fb8   0x08004fb8   0x00000098   Code   RO         1575    .text.mpu_configure_fifo  inv_mpu.o
    0x08005050   0x08005050   0x000001da   Code   RO         1655    .text.mpu_dmp_get_data  inv_mpu.o
    0x0800522a   0x0800522a   0x00000002   PAD
    0x0800522c   0x0800522c   0x000000fe   Code   RO         1653    .text.mpu_dmp_init  inv_mpu.o
    0x0800532a   0x0800532a   0x00000002   PAD
    0x0800532c   0x0800532c   0x00000038   Code   RO         1599    .text.mpu_get_accel_fsr  inv_mpu.o
    0x08005364   0x08005364   0x000001d8   Code   RO         1565    .text.mpu_init      inv_mpu.o
    0x0800553c   0x0800553c   0x00000170   Code   RO         1635    .text.mpu_load_firmware  inv_mpu.o
    0x080056ac   0x080056ac   0x000001e0   Code   RO         1581    .text.mpu_lp_accel_mode  inv_mpu.o
    0x0800588c   0x0800588c   0x000000aa   Code   RO         1621    .text.mpu_read_fifo_stream  inv_mpu.o
    0x08005936   0x08005936   0x00000002   PAD
    0x08005938   0x08005938   0x00000180   Code   RO         1595    .text.mpu_reset_fifo  inv_mpu.o
    0x08005ab8   0x08005ab8   0x000004b8   Code   RO         1625    .text.mpu_run_self_test  inv_mpu.o
    0x08005f70   0x08005f70   0x00000078   Code   RO         1569    .text.mpu_set_accel_fsr  inv_mpu.o
    0x08005fe8   0x08005fe8   0x000000ea   Code   RO         1577    .text.mpu_set_bypass  inv_mpu.o
    0x080060d2   0x080060d2   0x00000002   PAD
    0x080060d4   0x080060d4   0x000000de   Code   RO         1627    .text.mpu_set_dmp_state  inv_mpu.o
    0x080061b2   0x080061b2   0x00000002   PAD
    0x080061b4   0x080061b4   0x0000006e   Code   RO         1571    .text.mpu_set_lpf   inv_mpu.o
    0x08006222   0x08006222   0x00000002   PAD
    0x08006224   0x08006224   0x000000dc   Code   RO         1573    .text.mpu_set_sample_rate  inv_mpu.o
    0x08006300   0x08006300   0x000000f6   Code   RO         1579    .text.mpu_set_sensors  inv_mpu.o
    0x080063f6   0x080063f6   0x00000002   PAD
    0x080063f8   0x080063f8   0x00000064   Code   RO         1631    .text.mpu_write_mem  inv_mpu.o
    0x0800645c   0x0800645c   0x000000c4   Code   RO         1647    .text.run_self_test  inv_mpu.o
    0x08006520   0x08006520   0x00000114   Code   RO         1429    .text.velocity_PID_value  pid.o
    0x08006634   0x08006634   0x00000028   Code   RO         2012    i.__ARM_fpclassify  m_ws.l(fpclassify.o)
    0x0800665c   0x0800665c   0x000000aa   Code   RO         2014    i.__kernel_poly     m_ws.l(poly.o)
    0x08006706   0x08006706   0x00000006   Code   RO         1999    i.__mathlib_dbl_infnan  m_ws.l(dunder.o)
    0x0800670c   0x0800670c   0x00000004   Code   RO         2000    i.__mathlib_dbl_infnan2  m_ws.l(dunder.o)
    0x08006710   0x08006710   0x0000000c   Code   RO         2001    i.__mathlib_dbl_invalid  m_ws.l(dunder.o)
    0x0800671c   0x0800671c   0x00000010   Code   RO         2004    i.__mathlib_dbl_underflow  m_ws.l(dunder.o)
    0x0800672c   0x0800672c   0x0000000e   Code   RO         1862    i._is_digit         c_w.l(__printf_wp.o)
    0x0800673a   0x0800673a   0x00000002   PAD
    0x0800673c   0x0800673c   0x00000270   Code   RO         1940    i.asin              m_ws.l(asin.o)
    0x080069ac   0x080069ac   0x00000220   Code   RO         1945    i.atan              m_ws.l(atan.o)
    0x08006bcc   0x08006bcc   0x0000019c   Code   RO         1950    i.atan2             m_ws.l(atan2.o)
    0x08006d68   0x08006d68   0x0000004c   Code   RO         1954    i.sqrt              m_ws.l(sqrt.o)
    0x08006db4   0x08006db4   0x00000062   Code   RO         1885    x$fpl$d2f           fz_ws.l(d2f.o)
    0x08006e16   0x08006e16   0x00000002   PAD
    0x08006e18   0x08006e18   0x00000150   Code   RO         1887    x$fpl$dadd          fz_ws.l(daddsub_clz.o)
    0x08006f68   0x08006f68   0x00000010   Code   RO         2049    x$fpl$dcheck1       fz_ws.l(dcheck1.o)
    0x08006f78   0x08006f78   0x00000018   Code   RO         2051    x$fpl$dcmpinf       fz_ws.l(dcmpi.o)
    0x08006f90   0x08006f90   0x000002b4   Code   RO         1894    x$fpl$ddiv          fz_ws.l(ddiv.o)
    0x08007244   0x08007244   0x00000078   Code   RO         1977    x$fpl$deqf          fz_ws.l(deqf.o)
    0x080072bc   0x080072bc   0x0000002e   Code   RO         1902    x$fpl$dflt          fz_ws.l(dflt_clz.o)
    0x080072ea   0x080072ea   0x00000026   Code   RO         1901    x$fpl$dfltu         fz_ws.l(dflt_clz.o)
    0x08007310   0x08007310   0x00000154   Code   RO         1907    x$fpl$dmul          fz_ws.l(dmul.o)
    0x08007464   0x08007464   0x0000009c   Code   RO         1979    x$fpl$dnaninf       fz_ws.l(dnaninf.o)
    0x08007500   0x08007500   0x0000000c   Code   RO         1981    x$fpl$dretinf       fz_ws.l(dretinf.o)
    0x0800750c   0x0800750c   0x00000016   Code   RO         1888    x$fpl$drsb          fz_ws.l(daddsub_clz.o)
    0x08007522   0x08007522   0x00000002   PAD
    0x08007524   0x08007524   0x000001cc   Code   RO         1983    x$fpl$dsqrt         fz_ws.l(dsqrt_noumaal.o)
    0x080076f0   0x080076f0   0x000001dc   Code   RO         1889    x$fpl$dsub          fz_ws.l(daddsub_clz.o)
    0x080078cc   0x080078cc   0x00000056   Code   RO         1909    x$fpl$f2d           fz_ws.l(f2d.o)
    0x08007922   0x08007922   0x00000002   PAD
    0x08007924   0x08007924   0x000000c4   Code   RO         1911    x$fpl$fadd          fz_ws.l(faddsub_clz.o)
    0x080079e8   0x080079e8   0x00000054   Code   RO         1917    x$fpl$fcmp          fz_ws.l(fcmp.o)
    0x08007a3c   0x08007a3c   0x00000018   Code   RO         2053    x$fpl$fcmpinf       fz_ws.l(fcmpi.o)
    0x08007a54   0x08007a54   0x00000184   Code   RO         1920    x$fpl$fdiv          fz_ws.l(fdiv.o)
    0x08007bd8   0x08007bd8   0x00000068   Code   RO         1985    x$fpl$feqf          fz_ws.l(feqf.o)
    0x08007c40   0x08007c40   0x00000036   Code   RO         1923    x$fpl$ffix          fz_ws.l(ffix.o)
    0x08007c76   0x08007c76   0x00000002   PAD
    0x08007c78   0x08007c78   0x0000003e   Code   RO         1927    x$fpl$ffixu         fz_ws.l(ffixu.o)
    0x08007cb6   0x08007cb6   0x00000002   PAD
    0x08007cb8   0x08007cb8   0x00000030   Code   RO         1932    x$fpl$fflt          fz_ws.l(fflt_clz.o)
    0x08007ce8   0x08007ce8   0x00000026   Code   RO         1931    x$fpl$ffltu         fz_ws.l(fflt_clz.o)
    0x08007d0e   0x08007d0e   0x00000002   PAD
    0x08007d10   0x08007d10   0x00000068   Code   RO         1987    x$fpl$fgeqf         fz_ws.l(fgeqf.o)
    0x08007d78   0x08007d78   0x00000068   Code   RO         1989    x$fpl$fleqf         fz_ws.l(fleqf.o)
    0x08007de0   0x08007de0   0x00000102   Code   RO         1937    x$fpl$fmul          fz_ws.l(fmul.o)
    0x08007ee2   0x08007ee2   0x0000008c   Code   RO         1991    x$fpl$fnaninf       fz_ws.l(fnaninf.o)
    0x08007f6e   0x08007f6e   0x0000000a   Code   RO         1993    x$fpl$fretinf       fz_ws.l(fretinf.o)
    0x08007f78   0x08007f78   0x000000ea   Code   RO         1913    x$fpl$fsub          fz_ws.l(faddsub_clz.o)
    0x08008062   0x08008062   0x00000064   Code   RO         2213    x$fpl$retnan        fz_ws.l(retnan.o)
    0x080080c6   0x080080c6   0x0000005c   Code   RO         1995    x$fpl$scalbn        fz_ws.l(scalbn.o)
    0x08008122   0x08008122   0x00000030   Code   RO         2264    x$fpl$trapveneer    fz_ws.l(trapv.o)
    0x08008152   0x08008152   0x00000000   Code   RO         1997    x$fpl$usenofp       fz_ws.l(usenofp.o)
    0x08008152   0x08008152   0x00000028   Data   RO         1835    .constdata          c_w.l(_printf_hex_int.o)
    0x0800817a   0x0800817a   0x00000011   Data   RO         1865    .constdata          c_w.l(__printf_flags_wp.o)
    0x0800818b   0x0800818b   0x00000005   PAD
    0x08008190   0x08008190   0x00000050   Data   RO         1941    .constdata          m_ws.l(asin.o)
    0x080081e0   0x080081e0   0x00000098   Data   RO         1946    .constdata          m_ws.l(atan.o)
    0x08008278   0x08008278   0x00000008   Data   RO         2016    .constdata          m_ws.l(qnan.o)
    0x08008280   0x08008280   0x00000004   Data   RO         2055    .constdata          c_w.l(sys_io_names.o)
    0x08008284   0x08008284   0x00000004   Data   RO         2056    .constdata          c_w.l(sys_io_names.o)
    0x08008288   0x08008288   0x00000004   Data   RO         2057    .constdata          c_w.l(sys_io_names.o)
    0x0800828c   0x0800828c   0x00000003   Data   RO         1729    .rodata..L__const.dmp_set_orientation.accel_axes  inv_mpu_dmp_motion_driver.o
    0x0800828f   0x0800828f   0x00000003   Data   RO         1728    .rodata..L__const.dmp_set_orientation.gyro_axes  inv_mpu_dmp_motion_driver.o
    0x08008292   0x08008292   0x00000004   Data   RO          707    .rodata.ADCPrescTable  stm32f10x_rcc.o
    0x08008296   0x08008296   0x00000010   Data   RO          706    .rodata.APBAHBPrescTable  stm32f10x_rcc.o
    0x080082a6   0x080082a6   0x000005f0   Data   RO         1305    .rodata.OLED_F8x16  oled.o
    0x08008896   0x08008896   0x00000010   Data   RO         1663    .rodata.cst8        inv_mpu.o
    0x080088a6   0x080088a6   0x00000bf6   Data   RO         1727    .rodata.dmp_memory  inv_mpu_dmp_motion_driver.o
    0x0800949c   0x0800949c   0x0000000c   Data   RO         1658    .rodata.hw          inv_mpu.o
    0x080094a8   0x080094a8   0x0000001b   Data   RO         1657    .rodata.reg         inv_mpu.o
    0x080094c3   0x080094c3   0x0000004c   Data   RO         1662    .rodata.str1.1      inv_mpu.o
    0x0800950f   0x0800950f   0x00000001   PAD
    0x08009510   0x08009510   0x00000028   Data   RO         1659    .rodata.test        inv_mpu.o
    0x08009538   0x08009538   0x00000020   Data   RO         2347    Region$$Table       anon$$obj.o


    Execution Region RW_IRAM1 (Exec base: 0x20000000, Load base: 0x08009558, Size: 0x00000898, Max: 0x00005000, ABSOLUTE)

    Exec Addr    Load Addr    Size         Type   Attr      Idx    E Section Name        Object

    0x20000000   0x08009558   0x00000004   Data   RW         1974    .data               c_w.l(stdio_streams.o)
    0x20000004   0x0800955c   0x00000004   Data   RW         1975    .data               c_w.l(stdio_streams.o)
    0x20000008   0x08009560   0x00000004   Data   RW         1976    .data               c_w.l(stdio_streams.o)
    0x2000000c   0x08009564   0x00000004   PAD
    0x20000010   0x08009568   0x00000008   Data   RW         1454    .data.Dd            pid.o
    0x20000018   0x08009570   0x00000008   Data   RW         1453    .data.Dp            pid.o
    0x20000020   0x08009578   0x00000008   Data   RW         1445    .data.Med_of_Mec    pid.o
    0x20000028   0x08009580   0x00000008   Data   RW         1450    .data.VKi           pid.o
    0x20000030   0x08009588   0x00000008   Data   RW         1449    .data.VKp           pid.o
    0x20000038   0x08009590   0x00000008   Data   RW         1451    .data.Yp            pid.o
    0x20000040   0x08009598   0x00000004   Data   RW         1393    .data.current_distant  hsr04.o
    0x20000044   0x0800959c   0x00000001   Data   RW         1395    .data.dostamt_load_account  hsr04.o
    0x20000045   0x0800959d   0x00000009   Data   RW         1661    .data.gyro_orientation  inv_mpu.o
    0x2000004e   0x080095a6   0x00000002   PAD
    0x20000050   0x080095a8   0x00000008   Data   RW         1447    .data.kd            pid.o
    0x20000058   0x080095b0   0x00000008   Data   RW         1446    .data.kp            pid.o
    0x20000060   0x080095b8   0x00000004   Data   RW         1394    .data.lastime_distant  hsr04.o
    0x20000064   0x080095bc   0x00000002   Data   RW         1771    .data.speed_accound  main.o
    0x20000066   0x080095be   0x00000002   PAD
    0x20000068   0x080095c0   0x0000002c   Data   RW         1660    .data.st            inv_mpu.o
    0x20000094   0x080095ec   0x00000004   Data   RW         1239    .data.uart_message  usart.o
    0x20000098        -       0x00000054   Zero   RW         1971    .bss                c_w.l(stdio_streams.o)
    0x200000ec        -       0x00000054   Zero   RW         1972    .bss                c_w.l(stdio_streams.o)
    0x20000140        -       0x00000054   Zero   RW         1973    .bss                c_w.l(stdio_streams.o)
    0x20000194        -       0x00000060   Zero   RW         2059    .bss                c_w.l(libspace.o)
    0x200001f4        -       0x00000004   Zero   RW         1455    .bss.Control_Out_Left  pid.o
    0x200001f8        -       0x00000004   Zero   RW         1456    .bss.Control_Out_Right  pid.o
    0x200001fc        -       0x00000004   Zero   RW         1391    .bss.Hsr_distant    hsr04.o
    0x20000200        -       0x00000002   Zero   RW         1392    .bss.Hsr_pull_out_counter  hsr04.o
    0x20000202        -       0x00000005   Zero   RW         1416    .bss.IR_RECEIVE     hwyk.o
    0x20000207   0x080095f0   0x00000001   PAD
    0x20000208        -       0x00000002   Zero   RW         1208    .bss.TIMx_CHx_CAPTURE_STA  tim_ic.o
    0x2000020a        -       0x00000002   Zero   RW         1209    .bss.TIMx_CHx_CAPTURE_VAL  tim_ic.o
    0x2000020c   0x080095f0   0x00000004   PAD
    0x20000210        -       0x00000008   Zero   RW         1452    .bss.Yd             pid.o
    0x20000218        -       0x00000002   Zero   RW         1777    .bss.aacx           main.o
    0x2000021a        -       0x00000002   Zero   RW         1778    .bss.aacy           main.o
    0x2000021c        -       0x00000002   Zero   RW         1779    .bss.aacz           main.o
    0x2000021e   0x080095f0   0x00000002   PAD
    0x20000220        -       0x00000004   Zero   RW         1440    .bss.angel_sum      pid.o
    0x20000224        -       0x00000001   Zero   RW         1415    .bss.detcet_level_sign  hwyk.o
    0x20000225   0x080095f0   0x00000003   PAD
    0x20000228        -       0x00000004   Zero   RW         1396    .bss.distant_average_load  hsr04.o
    0x2000022c        -       0x00000004   Zero   RW         1732    .bss.dmp.0          inv_mpu_dmp_motion_driver.o
    0x20000230        -       0x00000004   Zero   RW         1733    .bss.dmp.1          inv_mpu_dmp_motion_driver.o
    0x20000234        -       0x00000002   Zero   RW         1734    .bss.dmp.2          inv_mpu_dmp_motion_driver.o
    0x20000236   0x080095f0   0x00000002   PAD
    0x20000238        -       0x00000002   Zero   RW         1735    .bss.dmp.3          inv_mpu_dmp_motion_driver.o
    0x2000023a   0x080095f0   0x00000002   PAD
    0x2000023c        -       0x00000002   Zero   RW         1736    .bss.dmp.4          inv_mpu_dmp_motion_driver.o
    0x2000023e        -       0x00000001   Zero   RW         1737    .bss.dmp.5          inv_mpu_dmp_motion_driver.o
    0x2000023f   0x080095f0   0x00000001   PAD
    0x20000240        -       0x00000004   Zero   RW         1442    .bss.expect_Yaw_angel  pid.o
    0x20000244        -       0x00000001   Zero   RW         1412    .bss.exti_sign      hwyk.o
    0x20000245        -       0x00000001   Zero   RW         1163    .bss.fac_us         systick.o
    0x20000246   0x080095f0   0x00000002   PAD
    0x20000248        -       0x00000004   Zero   RW         1410    .bss.gGUA_InfraredReceiver_Data  hwyk.o
    0x2000024c        -       0x00000002   Zero   RW         1780    .bss.gyrox          main.o
    0x2000024e        -       0x00000002   Zero   RW         1781    .bss.gyroy          main.o
    0x20000250        -       0x00000002   Zero   RW         1782    .bss.gyroz          main.o
    0x20000252        -       0x00000001   Zero   RW         1413    .bss.hwyk_exti_sign  hwyk.o
    0x20000253        -       0x00000001   Zero   RW         1414    .bss.hwyk_exti_tragger  hwyk.o
    0x20000254   0x080095f0   0x00000004   PAD
    0x20000258        -       0x00000008   Zero   RW         1448    .bss.ki             pid.o
    0x20000260        -       0x00000004   Zero   RW         1441    .bss.last_Yaw_angle  pid.o
    0x20000264        -       0x00000004   Zero   RW         1457    .bss.last_filt_velocity  pid.o
    0x20000268        -       0x00000004   Zero   RW         1443    .bss.lastime_pitch  pid.o
    0x2000026c        -       0x00000004   Zero   RW         1774    .bss.pitch          main.o
    0x20000270        -       0x00000002   Zero   RW         1444    .bss.pre_gyroy      pid.o
    0x20000272   0x080095f0   0x00000002   PAD
    0x20000274        -       0x00000004   Zero   RW         1773    .bss.pre_sign       main.o
    0x20000278        -       0x00000004   Zero   RW         1775    .bss.roll           main.o
    0x2000027c        -       0x00000001   Zero   RW         1411    .bss.runtime_account  hwyk.o
    0x2000027d   0x080095f0   0x00000003   PAD
    0x20000280        -       0x00000004   Zero   RW         1328    .bss.sign           motor.o
    0x20000284        -       0x00000004   Zero   RW         1769    .bss.sign_for_load  main.o
    0x20000288        -       0x00000004   Zero   RW         1772    .bss.speed_recover_filiter  main.o
    0x2000028c        -       0x00000004   Zero   RW         1439    .bss.velocity_sum   pid.o
    0x20000290        -       0x00000004   Zero   RW         1776    .bss.yaw            main.o
    0x20000294   0x080095f0   0x00000004   PAD
    0x20000298        -       0x00000200   Zero   RW            2    HEAP                startup_stm32f10x_md.o
    0x20000498        -       0x00000400   Zero   RW            1    STACK               startup_stm32f10x_md.o


==============================================================================

Image component sizes


      Code (inc. data)   RO Data    RW Data    ZI Data      Debug   Object Name

       174          0          0          9         10       3611   hsr04.o
      3248        128          0          0         14       8237   hwyk.o
      6502         92        171         53          0      30199   inv_mpu.o
      1866          8       3068          0         15      10860   inv_mpu_dmp_motion_driver.o
       384         10          0          0          0       2347   led.o
      2080         30          0          2         36       4235   main.o
       138          0          0          0          0       3134   misc.o
       730          0          0          0          4       5773   motor.o
       314          0          0          0          0       5829   mpu6050.o
       588          0          0          0          0       3807   mpuiic.o
      1384          0       1520          0          0       8584   oled.o
      1128          0          0         64         50       3175   pid.o
        64         26        236          0       1536        800   startup_stm32f10x_md.o
       146          0          0          0          0       2716   stm32f10x_exti.o
       376          0          0          0          0       5902   stm32f10x_gpio.o
        18          0          0          0          0        982   stm32f10x_it.o
       208          0         20          0          0       8256   stm32f10x_rcc.o
      1264          0          0          0          0      28907   stm32f10x_tim.o
       328          0          0          0          0       8512   stm32f10x_usart.o
        48         20          0          0          0        777   system.o
       276          0          0          0          0       2554   system_stm32f10x.o
       168          0          0          0          1       1988   systick.o
       232          4          0          0          4       5271   tim_ic.o
        36          0          0          0          0       4170   timer.o
       250          0          0          4          0       4202   usart.o

    ----------------------------------------------------------------------
     22060        318       5048        136       1700     164828   Object Totals
         0          0         32          0          0          0   (incl. Generated)
       110          0          1          4         30          0   (incl. Padding)

    ----------------------------------------------------------------------

      Code (inc. data)   RO Data    RW Data    ZI Data      Debug   Library Member Name

         8          0          0          0          0         68   __main.o
       312          4         17          0          0         92   __printf_flags_wp.o
        14          0          0          0          0         68   __printf_wp.o
         0          0          0          0          0          0   __rtentry.o
        12          0          0          0          0          0   __rtentry2.o
         6          0          0          0          0          0   __rtentry4.o
        52          8          0          0          0          0   __scatter.o
        26          0          0          0          0          0   __scatter_copy.o
        28          0          0          0          0          0   __scatter_zi.o
        48          6          0          0          0         96   _printf_char_common.o
        36          4          0          0          0         80   _printf_char_file.o
         6          0          0          0          0          0   _printf_d.o
       120         16          0          0          0         92   _printf_dec.o
        88          4         40          0          0         88   _printf_hex_int.o
       178          0          0          0          0         88   _printf_intcommon.o
        78          0          0          0          0        108   _printf_pad.o
         0          0          0          0          0          0   _printf_percent.o
         4          0          0          0          0          0   _printf_percent_end.o
         6          0          0          0          0          0   _printf_x.o
        22          0          0          0          0        100   _rserrno.o
        10          0          0          0          0         68   defsig_exit.o
        50          0          0          0          0         88   defsig_general.o
        80         58          0          0          0         76   defsig_rtmem_inner.o
        14          0          0          0          0         80   defsig_rtmem_outer.o
        52         38          0          0          0         76   defsig_rtred_inner.o
        14          0          0          0          0         80   defsig_rtred_outer.o
        18          0          0          0          0         80   exit.o
        76          0          0          0          0         88   fclose.o
         8          0          0          0          0         68   ferror.o
       240          6          0          0          0        128   fopen.o
       248          6          0          0          0         84   fseek.o
        66          0          0          0          0         76   ftell.o
        94          0          0          0          0         80   h1_alloc.o
        52          0          0          0          0         68   h1_extend.o
        78          0          0          0          0         80   h1_free.o
        14          0          0          0          0         84   h1_init.o
         6          0          0          0          0        152   heapauxi.o
         4          0          0          0          0        136   hguard.o
         0          0          0          0          0          0   indicate_semi.o
       138          0          0          0          0        168   init_alloc.o
       312         46          0          0          0        112   initio.o
         2          0          0          0          0          0   libinit.o
        14          0          0          0          0          0   libinit2.o
         2          0          0          0          0          0   libshutdown.o
         6          0          0          0          0          0   libshutdown2.o
         8          4          0          0         96         68   libspace.o
       116          0          0          0          0         84   llsdiv.o
       240          0          0          0          0        100   lludivv7m.o
         0          0          0          0          0          0   maybetermalloc1.o
        88          0          0          0          0         76   memcmp.o
        24          4          0          0          0         84   noretval__2printf.o
        44          4          0          0          0         84   puts.o
         8          4          0          0          0         68   rt_errno_addr_intlibspace.o
         8          4          0          0          0         68   rt_heap_descriptor_intlibspace.o
        78          0          0          0          0         80   rt_memclr_w.o
         2          0          0          0          0          0   rtexit.o
        10          0          0          0          0          0   rtexit2.o
        70          0          0          0          0         80   setvbuf.o
       264          6          0          0          0        160   stdio.o
         0          0          0         12        252          0   stdio_streams.o
        62          0          0          0          0         76   strlen.o
        12          4          0          0          0         68   sys_exit.o
       102          0          0          0          0        240   sys_io.o
         0          0         12          0          0          0   sys_io_names.o
        74          0          0          0          0         80   sys_stackheap_outer.o
        14          0          0          0          0         76   sys_wrch.o
         2          0          0          0          0         68   use_no_semi.o
        98          4          0          0          0         92   d2f.o
       834         16          0          0          0        372   daddsub_clz.o
        16          4          0          0          0         68   dcheck1.o
        24          0          0          0          0         68   dcmpi.o
       692        140          0          0          0        216   ddiv.o
       120          4          0          0          0         92   deqf.o
        84          0          0          0          0        136   dflt_clz.o
       340         12          0          0          0        104   dmul.o
       156          4          0          0          0         92   dnaninf.o
        12          0          0          0          0         68   dretinf.o
       460         56          0          0          0        120   dsqrt_noumaal.o
        86          4          0          0          0         84   f2d.o
       430          8          0          0          0        168   faddsub_clz.o
        84          0          0          0          0        196   fcmp.o
        24          0          0          0          0         68   fcmpi.o
       388         76          0          0          0         96   fdiv.o
       104          4          0          0          0         84   feqf.o
        54          4          0          0          0         84   ffix.o
        62          4          0          0          0         84   ffixu.o
        86          0          0          0          0        136   fflt_clz.o
       104          4          0          0          0         84   fgeqf.o
       104          4          0          0          0         84   fleqf.o
       258          4          0          0          0         84   fmul.o
       140          4          0          0          0         84   fnaninf.o
        10          0          0          0          0         68   fretinf.o
       100          0          0          0          0         68   retnan.o
        92          0          0          0          0         68   scalbn.o
        48          0          0          0          0         68   trapv.o
         0          0          0          0          0          0   usenofp.o
       624         52         80          0          0        168   asin.o
       544         70        152          0          0        124   atan.o
       412         38          0          0          0        144   atan2.o
        38          6          0          0          0        272   dunder.o
        40          0          0          0          0         68   fpclassify.o
       170          0          0          0          0         96   poly.o
         0          0          8          0          0          0   qnan.o
        76          0          0          0          0         84   sqrt.o

    ----------------------------------------------------------------------
     10810        748        314         16        348       8304   Library Totals
        28          0          5          4          0          0   (incl. Padding)

    ----------------------------------------------------------------------

      Code (inc. data)   RO Data    RW Data    ZI Data      Debug   Library Name

      3868        226         69         12        348       4312   c_w.l
      5010        356          0          0          0       3036   fz_ws.l
      1904        166        240          0          0        956   m_ws.l

    ----------------------------------------------------------------------
     10810        748        314         16        348       8304   Library Totals

    ----------------------------------------------------------------------

==============================================================================


      Code (inc. data)   RO Data    RW Data    ZI Data      Debug   

     32870       1066       5362        152       2048     168196   Grand Totals
     32870       1066       5362        152       2048     168196   ELF Image Totals
     32870       1066       5362        152          0          0   ROM Totals

==============================================================================

    Total RO  Size (Code + RO Data)                38232 (  37.34kB)
    Total RW  Size (RW Data + ZI Data)              2200 (   2.15kB)
    Total ROM Size (Code + RO Data + RW Data)      38384 (  37.48kB)

==============================================================================

